<?xml version="1.0" encoding="ISO-8859-1" ?>
<link_info>
   <banner>TI ARM Clang Linker Unix v3.2.1.LTS</banner>
   <copyright>Copyright (c) 1996-2018 Texas Instruments Incorporated</copyright>
   <link_time>0x681b082c</link_time>
   <link_errors>0x0</link_errors>
   <output_file>/Users/donu/Downloads/i2c_controller_rw_multibyte_fifo_interrupts_LP_MSPM0G3507_nortos_ticlang/Debug/i2c_controller_rw_multibyte_fifo_interrupts_LP_MSPM0G3507_nortos_ticlang.out</output_file>
   <entry_point>
      <name>_c_int00_noargs</name>
      <address>0x390d</address>
   </entry_point>
   <input_file_list>
      <input_file id="fl-1">
         <path>/Users/donu/Downloads/i2c_controller_rw_multibyte_fifo_interrupts_LP_MSPM0G3507_nortos_ticlang/Debug/./</path>
         <kind>object</kind>
         <file>i2c_controller_rw_multibyte_fifo_interrupts.o</file>
         <name>i2c_controller_rw_multibyte_fifo_interrupts.o</name>
      </input_file>
      <input_file id="fl-2">
         <path>/Users/donu/Downloads/i2c_controller_rw_multibyte_fifo_interrupts_LP_MSPM0G3507_nortos_ticlang/Debug/./</path>
         <kind>object</kind>
         <file>ti_msp_dl_config.o</file>
         <name>ti_msp_dl_config.o</name>
      </input_file>
      <input_file id="fl-3">
         <path>/Users/donu/Downloads/i2c_controller_rw_multibyte_fifo_interrupts_LP_MSPM0G3507_nortos_ticlang/Debug/./</path>
         <kind>object</kind>
         <file>startup_mspm0g350x_ticlang.o</file>
         <name>startup_mspm0g350x_ticlang.o</name>
      </input_file>
      <input_file id="fl-11">
         <path>/Users/donu/Downloads/i2c_controller_rw_multibyte_fifo_interrupts_LP_MSPM0G3507_nortos_ticlang/Debug/</path>
         <kind>object</kind>
         <file>&lt;internal&gt;</file>
         <name>&lt;internal&gt;</name>
      </input_file>
      <input_file id="fl-12">
         <path>/Users/donu/ti/mspm0_sdk_2_03_00_07/source/ti/driverlib/lib/ticlang/m0p/mspm0g1x0x_g3x0x/</path>
         <kind>archive</kind>
         <file>driverlib.a</file>
         <name>dl_common.o</name>
      </input_file>
      <input_file id="fl-13">
         <path>/Users/donu/ti/mspm0_sdk_2_03_00_07/source/ti/driverlib/lib/ticlang/m0p/mspm0g1x0x_g3x0x/</path>
         <kind>archive</kind>
         <file>driverlib.a</file>
         <name>dl_i2c.o</name>
      </input_file>
      <input_file id="fl-14">
         <path>/Users/donu/ti/mspm0_sdk_2_03_00_07/source/ti/driverlib/lib/ticlang/m0p/mspm0g1x0x_g3x0x/</path>
         <kind>archive</kind>
         <file>driverlib.a</file>
         <name>dl_spi.o</name>
      </input_file>
      <input_file id="fl-15">
         <path>/Users/donu/ti/mspm0_sdk_2_03_00_07/source/ti/driverlib/lib/ticlang/m0p/mspm0g1x0x_g3x0x/</path>
         <kind>archive</kind>
         <file>driverlib.a</file>
         <name>dl_timer.o</name>
      </input_file>
      <input_file id="fl-24">
         <path>/Applications/ti/ccs1281/ccs/tools/compiler/ti-cgt-armllvm_3.2.1.LTS/lib/armv6m-ti-none-eabi/c/</path>
         <kind>archive</kind>
         <file>libc.a</file>
         <name>printf.c.obj</name>
      </input_file>
      <input_file id="fl-25">
         <path>/Applications/ti/ccs1281/ccs/tools/compiler/ti-cgt-armllvm_3.2.1.LTS/lib/armv6m-ti-none-eabi/c/</path>
         <kind>archive</kind>
         <file>libc.a</file>
         <name>_printfi.c.obj</name>
      </input_file>
      <input_file id="fl-26">
         <path>/Applications/ti/ccs1281/ccs/tools/compiler/ti-cgt-armllvm_3.2.1.LTS/lib/armv6m-ti-none-eabi/c/</path>
         <kind>archive</kind>
         <file>libc.a</file>
         <name>fputc.c.obj</name>
      </input_file>
      <input_file id="fl-27">
         <path>/Applications/ti/ccs1281/ccs/tools/compiler/ti-cgt-armllvm_3.2.1.LTS/lib/armv6m-ti-none-eabi/c/</path>
         <kind>archive</kind>
         <file>libc.a</file>
         <name>fputs.c.obj</name>
      </input_file>
      <input_file id="fl-28">
         <path>/Applications/ti/ccs1281/ccs/tools/compiler/ti-cgt-armllvm_3.2.1.LTS/lib/armv6m-ti-none-eabi/c/</path>
         <kind>archive</kind>
         <file>libc.a</file>
         <name>_io_perm.c.obj</name>
      </input_file>
      <input_file id="fl-29">
         <path>/Applications/ti/ccs1281/ccs/tools/compiler/ti-cgt-armllvm_3.2.1.LTS/lib/armv6m-ti-none-eabi/c/</path>
         <kind>archive</kind>
         <file>libc.a</file>
         <name>setvbuf.c.obj</name>
      </input_file>
      <input_file id="fl-2a">
         <path>/Applications/ti/ccs1281/ccs/tools/compiler/ti-cgt-armllvm_3.2.1.LTS/lib/armv6m-ti-none-eabi/c/</path>
         <kind>archive</kind>
         <file>libc.a</file>
         <name>wcslen.c.obj</name>
      </input_file>
      <input_file id="fl-2b">
         <path>/Applications/ti/ccs1281/ccs/tools/compiler/ti-cgt-armllvm_3.2.1.LTS/lib/armv6m-ti-none-eabi/c/</path>
         <kind>archive</kind>
         <file>libc.a</file>
         <name>aeabi_portable.c.obj</name>
      </input_file>
      <input_file id="fl-2c">
         <path>/Applications/ti/ccs1281/ccs/tools/compiler/ti-cgt-armllvm_3.2.1.LTS/lib/armv6m-ti-none-eabi/c/</path>
         <kind>archive</kind>
         <file>libc.a</file>
         <name>exit.c.obj</name>
      </input_file>
      <input_file id="fl-2d">
         <path>/Applications/ti/ccs1281/ccs/tools/compiler/ti-cgt-armllvm_3.2.1.LTS/lib/armv6m-ti-none-eabi/c/</path>
         <kind>archive</kind>
         <file>libc.a</file>
         <name>_lock.c.obj</name>
      </input_file>
      <input_file id="fl-2e">
         <path>/Applications/ti/ccs1281/ccs/tools/compiler/ti-cgt-armllvm_3.2.1.LTS/lib/armv6m-ti-none-eabi/c/</path>
         <kind>archive</kind>
         <file>libc.a</file>
         <name>_ltoa.c.obj</name>
      </input_file>
      <input_file id="fl-2f">
         <path>/Applications/ti/ccs1281/ccs/tools/compiler/ti-cgt-armllvm_3.2.1.LTS/lib/armv6m-ti-none-eabi/c/</path>
         <kind>archive</kind>
         <file>libc.a</file>
         <name>assert.c.obj</name>
      </input_file>
      <input_file id="fl-30">
         <path>/Applications/ti/ccs1281/ccs/tools/compiler/ti-cgt-armllvm_3.2.1.LTS/lib/armv6m-ti-none-eabi/c/</path>
         <kind>archive</kind>
         <file>libc.a</file>
         <name>atoi.c.obj</name>
      </input_file>
      <input_file id="fl-31">
         <path>/Applications/ti/ccs1281/ccs/tools/compiler/ti-cgt-armllvm_3.2.1.LTS/lib/armv6m-ti-none-eabi/c/</path>
         <kind>archive</kind>
         <file>libc.a</file>
         <name>defs.c.obj</name>
      </input_file>
      <input_file id="fl-32">
         <path>/Applications/ti/ccs1281/ccs/tools/compiler/ti-cgt-armllvm_3.2.1.LTS/lib/armv6m-ti-none-eabi/c/</path>
         <kind>archive</kind>
         <file>libc.a</file>
         <name>memccpy.c.obj</name>
      </input_file>
      <input_file id="fl-33">
         <path>/Applications/ti/ccs1281/ccs/tools/compiler/ti-cgt-armllvm_3.2.1.LTS/lib/armv6m-ti-none-eabi/c/</path>
         <kind>archive</kind>
         <file>libc.a</file>
         <name>memory.c.obj</name>
      </input_file>
      <input_file id="fl-34">
         <path>/Applications/ti/ccs1281/ccs/tools/compiler/ti-cgt-armllvm_3.2.1.LTS/lib/armv6m-ti-none-eabi/c/</path>
         <kind>archive</kind>
         <file>libc.a</file>
         <name>boot_cortex_m.c.obj</name>
      </input_file>
      <input_file id="fl-35">
         <path>/Applications/ti/ccs1281/ccs/tools/compiler/ti-cgt-armllvm_3.2.1.LTS/lib/armv6m-ti-none-eabi/c/</path>
         <kind>archive</kind>
         <file>libc.a</file>
         <name>mathacl_init.c.obj</name>
      </input_file>
      <input_file id="fl-36">
         <path>/Applications/ti/ccs1281/ccs/tools/compiler/ti-cgt-armllvm_3.2.1.LTS/lib/armv6m-ti-none-eabi/c/</path>
         <kind>archive</kind>
         <file>libc.a</file>
         <name>autoinit.c.obj</name>
      </input_file>
      <input_file id="fl-37">
         <path>/Applications/ti/ccs1281/ccs/tools/compiler/ti-cgt-armllvm_3.2.1.LTS/lib/armv6m-ti-none-eabi/c/</path>
         <kind>archive</kind>
         <file>libc.a</file>
         <name>pre_init.c.obj</name>
      </input_file>
      <input_file id="fl-38">
         <path>/Applications/ti/ccs1281/ccs/tools/compiler/ti-cgt-armllvm_3.2.1.LTS/lib/armv6m-ti-none-eabi/c/</path>
         <kind>archive</kind>
         <file>libc.a</file>
         <name>cpy_tbl.c.obj</name>
      </input_file>
      <input_file id="fl-39">
         <path>/Applications/ti/ccs1281/ccs/tools/compiler/ti-cgt-armllvm_3.2.1.LTS/lib/armv6m-ti-none-eabi/c/</path>
         <kind>archive</kind>
         <file>libc.a</file>
         <name>copy_zero_init.c.obj</name>
      </input_file>
      <input_file id="fl-3a">
         <path>/Applications/ti/ccs1281/ccs/tools/compiler/ti-cgt-armllvm_3.2.1.LTS/lib/armv6m-ti-none-eabi/c/</path>
         <kind>archive</kind>
         <file>libc.a</file>
         <name>copy_decompress_none.c.obj</name>
      </input_file>
      <input_file id="fl-3b">
         <path>/Applications/ti/ccs1281/ccs/tools/compiler/ti-cgt-armllvm_3.2.1.LTS/lib/armv6m-ti-none-eabi/c/</path>
         <kind>archive</kind>
         <file>libc.a</file>
         <name>copy_decompress_lzss.c.obj</name>
      </input_file>
      <input_file id="fl-3c">
         <path>/Applications/ti/ccs1281/ccs/tools/compiler/ti-cgt-armllvm_3.2.1.LTS/lib/armv6m-ti-none-eabi/c/</path>
         <kind>archive</kind>
         <file>libc.a</file>
         <name>s_frexp.c.obj</name>
      </input_file>
      <input_file id="fl-3d">
         <path>/Applications/ti/ccs1281/ccs/tools/compiler/ti-cgt-armllvm_3.2.1.LTS/lib/armv6m-ti-none-eabi/c/</path>
         <kind>archive</kind>
         <file>libc.a</file>
         <name>s_scalbn.c.obj</name>
      </input_file>
      <input_file id="fl-3e">
         <path>/Applications/ti/ccs1281/ccs/tools/compiler/ti-cgt-armllvm_3.2.1.LTS/lib/armv6m-ti-none-eabi/c/</path>
         <kind>archive</kind>
         <file>libc.a</file>
         <name>sprintf.c.obj</name>
      </input_file>
      <input_file id="fl-3f">
         <path>/Applications/ti/ccs1281/ccs/tools/compiler/ti-cgt-armllvm_3.2.1.LTS/lib/armv6m-ti-none-eabi/c/</path>
         <kind>archive</kind>
         <file>libc.a</file>
         <name>fflush.c.obj</name>
      </input_file>
      <input_file id="fl-40">
         <path>/Applications/ti/ccs1281/ccs/tools/compiler/ti-cgt-armllvm_3.2.1.LTS/lib/armv6m-ti-none-eabi/c/</path>
         <kind>archive</kind>
         <file>libc.a</file>
         <name>fopen.c.obj</name>
      </input_file>
      <input_file id="fl-41">
         <path>/Applications/ti/ccs1281/ccs/tools/compiler/ti-cgt-armllvm_3.2.1.LTS/lib/armv6m-ti-none-eabi/c/</path>
         <kind>archive</kind>
         <file>libc.a</file>
         <name>fseek.c.obj</name>
      </input_file>
      <input_file id="fl-42">
         <path>/Applications/ti/ccs1281/ccs/tools/compiler/ti-cgt-armllvm_3.2.1.LTS/lib/armv6m-ti-none-eabi/c/</path>
         <kind>archive</kind>
         <file>libc.a</file>
         <name>aeabi_ctype.S.obj</name>
      </input_file>
      <input_file id="fl-43">
         <path>/Applications/ti/ccs1281/ccs/tools/compiler/ti-cgt-armllvm_3.2.1.LTS/lib/armv6m-ti-none-eabi/c/</path>
         <kind>archive</kind>
         <file>libc.a</file>
         <name>args_main.c.obj</name>
      </input_file>
      <input_file id="fl-44">
         <path>/Applications/ti/ccs1281/ccs/tools/compiler/ti-cgt-armllvm_3.2.1.LTS/lib/armv6m-ti-none-eabi/c/</path>
         <kind>archive</kind>
         <file>libc.a</file>
         <name>fclose.c.obj</name>
      </input_file>
      <input_file id="fl-aa">
         <path>/Applications/ti/ccs1281/ccs/tools/compiler/ti-cgt-armllvm_3.2.1.LTS/lib/armv6m-ti-none-eabi/c/</path>
         <kind>archive</kind>
         <file>libsysbm.a</file>
         <name>write.c.obj</name>
      </input_file>
      <input_file id="fl-ab">
         <path>/Applications/ti/ccs1281/ccs/tools/compiler/ti-cgt-armllvm_3.2.1.LTS/lib/armv6m-ti-none-eabi/c/</path>
         <kind>archive</kind>
         <file>libsysbm.a</file>
         <name>host_device.c.obj</name>
      </input_file>
      <input_file id="fl-ac">
         <path>/Applications/ti/ccs1281/ccs/tools/compiler/ti-cgt-armllvm_3.2.1.LTS/lib/armv6m-ti-none-eabi/c/</path>
         <kind>archive</kind>
         <file>libsysbm.a</file>
         <name>remove.c.obj</name>
      </input_file>
      <input_file id="fl-ad">
         <path>/Applications/ti/ccs1281/ccs/tools/compiler/ti-cgt-armllvm_3.2.1.LTS/lib/armv6m-ti-none-eabi/c/</path>
         <kind>archive</kind>
         <file>libsysbm.a</file>
         <name>open.c.obj</name>
      </input_file>
      <input_file id="fl-ae">
         <path>/Applications/ti/ccs1281/ccs/tools/compiler/ti-cgt-armllvm_3.2.1.LTS/lib/armv6m-ti-none-eabi/c/</path>
         <kind>archive</kind>
         <file>libsysbm.a</file>
         <name>lseek.c.obj</name>
      </input_file>
      <input_file id="fl-af">
         <path>/Applications/ti/ccs1281/ccs/tools/compiler/ti-cgt-armllvm_3.2.1.LTS/lib/armv6m-ti-none-eabi/c/</path>
         <kind>archive</kind>
         <file>libsysbm.a</file>
         <name>close.c.obj</name>
      </input_file>
      <input_file id="fl-b0">
         <path>/Applications/ti/ccs1281/ccs/tools/compiler/ti-cgt-armllvm_3.2.1.LTS/lib/armv6m-ti-none-eabi/c/</path>
         <kind>archive</kind>
         <file>libsysbm.a</file>
         <name>unlink.c.obj</name>
      </input_file>
      <input_file id="fl-b1">
         <path>/Applications/ti/ccs1281/ccs/tools/compiler/ti-cgt-armllvm_3.2.1.LTS/lib/armv6m-ti-none-eabi/c/</path>
         <kind>archive</kind>
         <file>libsysbm.a</file>
         <name>hostclose.c.obj</name>
      </input_file>
      <input_file id="fl-b2">
         <path>/Applications/ti/ccs1281/ccs/tools/compiler/ti-cgt-armllvm_3.2.1.LTS/lib/armv6m-ti-none-eabi/c/</path>
         <kind>archive</kind>
         <file>libsysbm.a</file>
         <name>hostlseek.c.obj</name>
      </input_file>
      <input_file id="fl-b3">
         <path>/Applications/ti/ccs1281/ccs/tools/compiler/ti-cgt-armllvm_3.2.1.LTS/lib/armv6m-ti-none-eabi/c/</path>
         <kind>archive</kind>
         <file>libsysbm.a</file>
         <name>hostopen.c.obj</name>
      </input_file>
      <input_file id="fl-b4">
         <path>/Applications/ti/ccs1281/ccs/tools/compiler/ti-cgt-armllvm_3.2.1.LTS/lib/armv6m-ti-none-eabi/c/</path>
         <kind>archive</kind>
         <file>libsysbm.a</file>
         <name>hostread.c.obj</name>
      </input_file>
      <input_file id="fl-b5">
         <path>/Applications/ti/ccs1281/ccs/tools/compiler/ti-cgt-armllvm_3.2.1.LTS/lib/armv6m-ti-none-eabi/c/</path>
         <kind>archive</kind>
         <file>libsysbm.a</file>
         <name>hostrename.c.obj</name>
      </input_file>
      <input_file id="fl-b6">
         <path>/Applications/ti/ccs1281/ccs/tools/compiler/ti-cgt-armllvm_3.2.1.LTS/lib/armv6m-ti-none-eabi/c/</path>
         <kind>archive</kind>
         <file>libsysbm.a</file>
         <name>hostunlink.c.obj</name>
      </input_file>
      <input_file id="fl-b7">
         <path>/Applications/ti/ccs1281/ccs/tools/compiler/ti-cgt-armllvm_3.2.1.LTS/lib/armv6m-ti-none-eabi/c/</path>
         <kind>archive</kind>
         <file>libsysbm.a</file>
         <name>hostwrite.c.obj</name>
      </input_file>
      <input_file id="fl-b8">
         <path>/Applications/ti/ccs1281/ccs/tools/compiler/ti-cgt-armllvm_3.2.1.LTS/lib/armv6m-ti-none-eabi/c/</path>
         <kind>archive</kind>
         <file>libsysbm.a</file>
         <name>trgmsg.c.obj</name>
      </input_file>
      <input_file id="fl-b9">
         <path>/Applications/ti/ccs1281/ccs/tools/compiler/ti-cgt-armllvm_3.2.1.LTS/lib/clang/15.0.7/lib/armv6m-ti-none-eabi/</path>
         <kind>archive</kind>
         <file>libclang_rt.builtins.a</file>
         <name>addsf3.S.obj</name>
      </input_file>
      <input_file id="fl-ba">
         <path>/Applications/ti/ccs1281/ccs/tools/compiler/ti-cgt-armllvm_3.2.1.LTS/lib/clang/15.0.7/lib/armv6m-ti-none-eabi/</path>
         <kind>archive</kind>
         <file>libclang_rt.builtins.a</file>
         <name>adddf3.S.obj</name>
      </input_file>
      <input_file id="fl-bb">
         <path>/Applications/ti/ccs1281/ccs/tools/compiler/ti-cgt-armllvm_3.2.1.LTS/lib/clang/15.0.7/lib/armv6m-ti-none-eabi/</path>
         <kind>archive</kind>
         <file>libclang_rt.builtins.a</file>
         <name>muldf3.S.obj</name>
      </input_file>
      <input_file id="fl-bc">
         <path>/Applications/ti/ccs1281/ccs/tools/compiler/ti-cgt-armllvm_3.2.1.LTS/lib/clang/15.0.7/lib/armv6m-ti-none-eabi/</path>
         <kind>archive</kind>
         <file>libclang_rt.builtins.a</file>
         <name>muldsi3.S.obj</name>
      </input_file>
      <input_file id="fl-bd">
         <path>/Applications/ti/ccs1281/ccs/tools/compiler/ti-cgt-armllvm_3.2.1.LTS/lib/clang/15.0.7/lib/armv6m-ti-none-eabi/</path>
         <kind>archive</kind>
         <file>libclang_rt.builtins.a</file>
         <name>mulsf3.S.obj</name>
      </input_file>
      <input_file id="fl-be">
         <path>/Applications/ti/ccs1281/ccs/tools/compiler/ti-cgt-armllvm_3.2.1.LTS/lib/clang/15.0.7/lib/armv6m-ti-none-eabi/</path>
         <kind>archive</kind>
         <file>libclang_rt.builtins.a</file>
         <name>divsf3.S.obj</name>
      </input_file>
      <input_file id="fl-bf">
         <path>/Applications/ti/ccs1281/ccs/tools/compiler/ti-cgt-armllvm_3.2.1.LTS/lib/clang/15.0.7/lib/armv6m-ti-none-eabi/</path>
         <kind>archive</kind>
         <file>libclang_rt.builtins.a</file>
         <name>divdf3.S.obj</name>
      </input_file>
      <input_file id="fl-c0">
         <path>/Applications/ti/ccs1281/ccs/tools/compiler/ti-cgt-armllvm_3.2.1.LTS/lib/clang/15.0.7/lib/armv6m-ti-none-eabi/</path>
         <kind>archive</kind>
         <file>libclang_rt.builtins.a</file>
         <name>fixdfsi.S.obj</name>
      </input_file>
      <input_file id="fl-c1">
         <path>/Applications/ti/ccs1281/ccs/tools/compiler/ti-cgt-armllvm_3.2.1.LTS/lib/clang/15.0.7/lib/armv6m-ti-none-eabi/</path>
         <kind>archive</kind>
         <file>libclang_rt.builtins.a</file>
         <name>fixsfsi.S.obj</name>
      </input_file>
      <input_file id="fl-c2">
         <path>/Applications/ti/ccs1281/ccs/tools/compiler/ti-cgt-armllvm_3.2.1.LTS/lib/clang/15.0.7/lib/armv6m-ti-none-eabi/</path>
         <kind>archive</kind>
         <file>libclang_rt.builtins.a</file>
         <name>floatsidf.S.obj</name>
      </input_file>
      <input_file id="fl-c3">
         <path>/Applications/ti/ccs1281/ccs/tools/compiler/ti-cgt-armllvm_3.2.1.LTS/lib/clang/15.0.7/lib/armv6m-ti-none-eabi/</path>
         <kind>archive</kind>
         <file>libclang_rt.builtins.a</file>
         <name>floatsisf.S.obj</name>
      </input_file>
      <input_file id="fl-c4">
         <path>/Applications/ti/ccs1281/ccs/tools/compiler/ti-cgt-armllvm_3.2.1.LTS/lib/clang/15.0.7/lib/armv6m-ti-none-eabi/</path>
         <kind>archive</kind>
         <file>libclang_rt.builtins.a</file>
         <name>floatunsidf.S.obj</name>
      </input_file>
      <input_file id="fl-c5">
         <path>/Applications/ti/ccs1281/ccs/tools/compiler/ti-cgt-armllvm_3.2.1.LTS/lib/clang/15.0.7/lib/armv6m-ti-none-eabi/</path>
         <kind>archive</kind>
         <file>libclang_rt.builtins.a</file>
         <name>muldi3.S.obj</name>
      </input_file>
      <input_file id="fl-c6">
         <path>/Applications/ti/ccs1281/ccs/tools/compiler/ti-cgt-armllvm_3.2.1.LTS/lib/clang/15.0.7/lib/armv6m-ti-none-eabi/</path>
         <kind>archive</kind>
         <file>libclang_rt.builtins.a</file>
         <name>truncdfsf2.S.obj</name>
      </input_file>
      <input_file id="fl-c7">
         <path>/Applications/ti/ccs1281/ccs/tools/compiler/ti-cgt-armllvm_3.2.1.LTS/lib/clang/15.0.7/lib/armv6m-ti-none-eabi/</path>
         <kind>archive</kind>
         <file>libclang_rt.builtins.a</file>
         <name>aeabi_dcmp.S.obj</name>
      </input_file>
      <input_file id="fl-c8">
         <path>/Applications/ti/ccs1281/ccs/tools/compiler/ti-cgt-armllvm_3.2.1.LTS/lib/clang/15.0.7/lib/armv6m-ti-none-eabi/</path>
         <kind>archive</kind>
         <file>libclang_rt.builtins.a</file>
         <name>aeabi_idivmod.S.obj</name>
      </input_file>
      <input_file id="fl-c9">
         <path>/Applications/ti/ccs1281/ccs/tools/compiler/ti-cgt-armllvm_3.2.1.LTS/lib/clang/15.0.7/lib/armv6m-ti-none-eabi/</path>
         <kind>archive</kind>
         <file>libclang_rt.builtins.a</file>
         <name>aeabi_memcpy.S.obj</name>
      </input_file>
      <input_file id="fl-ca">
         <path>/Applications/ti/ccs1281/ccs/tools/compiler/ti-cgt-armllvm_3.2.1.LTS/lib/clang/15.0.7/lib/armv6m-ti-none-eabi/</path>
         <kind>archive</kind>
         <file>libclang_rt.builtins.a</file>
         <name>aeabi_memset.S.obj</name>
      </input_file>
      <input_file id="fl-cb">
         <path>/Applications/ti/ccs1281/ccs/tools/compiler/ti-cgt-armllvm_3.2.1.LTS/lib/clang/15.0.7/lib/armv6m-ti-none-eabi/</path>
         <kind>archive</kind>
         <file>libclang_rt.builtins.a</file>
         <name>aeabi_uidivmod.S.obj</name>
      </input_file>
      <input_file id="fl-cc">
         <path>/Applications/ti/ccs1281/ccs/tools/compiler/ti-cgt-armllvm_3.2.1.LTS/lib/clang/15.0.7/lib/armv6m-ti-none-eabi/</path>
         <kind>archive</kind>
         <file>libclang_rt.builtins.a</file>
         <name>aeabi_uldivmod.S.obj</name>
      </input_file>
      <input_file id="fl-cd">
         <path>/Applications/ti/ccs1281/ccs/tools/compiler/ti-cgt-armllvm_3.2.1.LTS/lib/clang/15.0.7/lib/armv6m-ti-none-eabi/</path>
         <kind>archive</kind>
         <file>libclang_rt.builtins.a</file>
         <name>udivmoddi4.S.obj</name>
      </input_file>
      <input_file id="fl-ce">
         <path>/Applications/ti/ccs1281/ccs/tools/compiler/ti-cgt-armllvm_3.2.1.LTS/lib/clang/15.0.7/lib/armv6m-ti-none-eabi/</path>
         <kind>archive</kind>
         <file>libclang_rt.builtins.a</file>
         <name>ashldi3.S.obj</name>
      </input_file>
      <input_file id="fl-cf">
         <path>/Applications/ti/ccs1281/ccs/tools/compiler/ti-cgt-armllvm_3.2.1.LTS/lib/clang/15.0.7/lib/armv6m-ti-none-eabi/</path>
         <kind>archive</kind>
         <file>libclang_rt.builtins.a</file>
         <name>comparedf2.c.obj</name>
      </input_file>
      <input_file id="fl-d0">
         <path>/Applications/ti/ccs1281/ccs/tools/compiler/ti-cgt-armllvm_3.2.1.LTS/lib/clang/15.0.7/lib/armv6m-ti-none-eabi/</path>
         <kind>archive</kind>
         <file>libclang_rt.builtins.a</file>
         <name>aeabi_div0.c.obj</name>
      </input_file>
      <input_file id="fl-d1">
         <path>/Applications/ti/ccs1281/ccs/tools/compiler/ti-cgt-armllvm_3.2.1.LTS/lib/armv6m-ti-none-eabi/c/</path>
         <kind>archive</kind>
         <file>libc.a</file>
         <name>getdevice.c.obj</name>
      </input_file>
      <input_file id="fl-d2">
         <path>/Applications/ti/ccs1281/ccs/tools/compiler/ti-cgt-armllvm_3.2.1.LTS/lib/armv6m-ti-none-eabi/c/</path>
         <kind>archive</kind>
         <file>libc.a</file>
         <name>memcpy16.S.obj</name>
      </input_file>
      <input_file id="fl-d3">
         <path>/Applications/ti/ccs1281/ccs/tools/compiler/ti-cgt-armllvm_3.2.1.LTS/lib/armv6m-ti-none-eabi/c/</path>
         <kind>archive</kind>
         <file>libc.a</file>
         <name>memset16.S.obj</name>
      </input_file>
   </input_file_list>
   <object_component_list>
      <object_component id="oc-18">
         <name>.intvecs</name>
         <load_address>0x0</load_address>
         <readonly>true</readonly>
         <run_address>0x0</run_address>
         <size>0xc0</size>
         <alignment>0x4</alignment>
         <input_file_ref idref="fl-3"/>
      </object_component>
      <object_component id="oc-80">
         <name>.text.main</name>
         <load_address>0xc0</load_address>
         <readonly>true</readonly>
         <executable>true</executable>
         <run_address>0xc0</run_address>
         <size>0xc64</size>
         <alignment>0x4</alignment>
         <input_file_ref idref="fl-1"/>
      </object_component>
      <object_component id="oc-141">
         <name>.text.carousel_screen</name>
         <load_address>0xd24</load_address>
         <readonly>true</readonly>
         <executable>true</executable>
         <run_address>0xd24</run_address>
         <size>0x44c</size>
         <alignment>0x4</alignment>
         <input_file_ref idref="fl-1"/>
      </object_component>
      <object_component id="oc-193">
         <name>.text.two_screen</name>
         <load_address>0x1170</load_address>
         <readonly>true</readonly>
         <executable>true</executable>
         <run_address>0x1170</run_address>
         <size>0x410</size>
         <alignment>0x4</alignment>
         <input_file_ref idref="fl-1"/>
      </object_component>
      <object_component id="oc-192">
         <name>.text.one_screen</name>
         <load_address>0x1580</load_address>
         <readonly>true</readonly>
         <executable>true</executable>
         <run_address>0x1580</run_address>
         <size>0x408</size>
         <alignment>0x4</alignment>
         <input_file_ref idref="fl-1"/>
      </object_component>
      <object_component id="oc-142">
         <name>.text.compare_multiple_notes</name>
         <load_address>0x1988</load_address>
         <readonly>true</readonly>
         <executable>true</executable>
         <run_address>0x1988</run_address>
         <size>0x3b0</size>
         <alignment>0x4</alignment>
         <input_file_ref idref="fl-1"/>
      </object_component>
      <object_component id="oc-17b">
         <name>.text:__TI_printfi_minimal</name>
         <load_address>0x1d38</load_address>
         <readonly>true</readonly>
         <executable>true</executable>
         <run_address>0x1d38</run_address>
         <size>0x284</size>
         <alignment>0x4</alignment>
         <input_file_ref idref="fl-25"/>
      </object_component>
      <object_component id="oc-242">
         <name>.text.aligned_alloc</name>
         <load_address>0x1fbc</load_address>
         <readonly>true</readonly>
         <executable>true</executable>
         <run_address>0x1fbc</run_address>
         <size>0x12c</size>
         <alignment>0x4</alignment>
         <input_file_ref idref="fl-33"/>
      </object_component>
      <object_component id="oc-d8">
         <name>.text.writeTxPacket0</name>
         <load_address>0x20e8</load_address>
         <readonly>true</readonly>
         <executable>true</executable>
         <run_address>0x20e8</run_address>
         <size>0x128</size>
         <alignment>0x4</alignment>
         <input_file_ref idref="fl-1"/>
      </object_component>
      <object_component id="oc-d9">
         <name>.text.writeTxPacket1</name>
         <load_address>0x2210</load_address>
         <readonly>true</readonly>
         <executable>true</executable>
         <run_address>0x2210</run_address>
         <size>0x128</size>
         <alignment>0x4</alignment>
         <input_file_ref idref="fl-1"/>
      </object_component>
      <object_component id="oc-140">
         <name>.text.idle_screen</name>
         <load_address>0x2338</load_address>
         <readonly>true</readonly>
         <executable>true</executable>
         <run_address>0x2338</run_address>
         <size>0x124</size>
         <alignment>0x4</alignment>
         <input_file_ref idref="fl-1"/>
      </object_component>
      <object_component id="oc-154">
         <name>.text.DL_Timer_initFourCCPWMMode</name>
         <load_address>0x245c</load_address>
         <readonly>true</readonly>
         <executable>true</executable>
         <run_address>0x245c</run_address>
         <size>0x104</size>
         <alignment>0x4</alignment>
         <input_file_ref idref="fl-15"/>
      </object_component>
      <object_component id="oc-11e">
         <name>.text.fputs</name>
         <load_address>0x2560</load_address>
         <readonly>true</readonly>
         <executable>true</executable>
         <run_address>0x2560</run_address>
         <size>0x104</size>
         <alignment>0x4</alignment>
         <input_file_ref idref="fl-27"/>
      </object_component>
      <object_component id="oc-3a">
         <name>.text.I2C1_IRQHandler</name>
         <load_address>0x2664</load_address>
         <readonly>true</readonly>
         <executable>true</executable>
         <run_address>0x2664</run_address>
         <size>0xf4</size>
         <alignment>0x4</alignment>
         <input_file_ref idref="fl-1"/>
      </object_component>
      <object_component id="oc-1dd">
         <name>.text.free</name>
         <load_address>0x2758</load_address>
         <readonly>true</readonly>
         <executable>true</executable>
         <run_address>0x2758</run_address>
         <size>0xec</size>
         <alignment>0x4</alignment>
         <input_file_ref idref="fl-33"/>
      </object_component>
      <object_component id="oc-10d">
         <name>.text.DL_Timer_initTimerMode</name>
         <load_address>0x2844</load_address>
         <readonly>true</readonly>
         <executable>true</executable>
         <run_address>0x2844</run_address>
         <size>0xe8</size>
         <alignment>0x4</alignment>
         <input_file_ref idref="fl-15"/>
      </object_component>
      <object_component id="oc-1a4">
         <name>.text.setvbuf</name>
         <load_address>0x292c</load_address>
         <readonly>true</readonly>
         <executable>true</executable>
         <run_address>0x292c</run_address>
         <size>0xdc</size>
         <alignment>0x4</alignment>
         <input_file_ref idref="fl-29"/>
      </object_component>
      <object_component id="oc-b5">
         <name>.text.directional_accel_input</name>
         <load_address>0x2a08</load_address>
         <readonly>true</readonly>
         <executable>true</executable>
         <run_address>0x2a08</run_address>
         <size>0xc8</size>
         <alignment>0x4</alignment>
         <input_file_ref idref="fl-1"/>
      </object_component>
      <object_component id="oc-189">
         <name>.text.fputc</name>
         <load_address>0x2ad0</load_address>
         <readonly>true</readonly>
         <executable>true</executable>
         <run_address>0x2ad0</run_address>
         <size>0x9c</size>
         <alignment>0x4</alignment>
         <input_file_ref idref="fl-26"/>
      </object_component>
      <object_component id="oc-92">
         <name>.text:memcpy</name>
         <load_address>0x2b6c</load_address>
         <readonly>true</readonly>
         <executable>true</executable>
         <run_address>0x2b6c</run_address>
         <size>0x9a</size>
         <alignment>0x1</alignment>
         <input_file_ref idref="fl-d2"/>
      </object_component>
      <object_component id="oc-33">
         <name>.text.Default_Handler</name>
         <load_address>0x2c06</load_address>
         <readonly>true</readonly>
         <executable>true</executable>
         <run_address>0x2c06</run_address>
         <size>0x2</size>
         <alignment>0x2</alignment>
         <input_file_ref idref="fl-3"/>
      </object_component>
      <object_component id="oc-34">
         <name>.text.SPI0_IRQHandler</name>
         <load_address>0x2c08</load_address>
         <readonly>true</readonly>
         <executable>true</executable>
         <run_address>0x2c08</run_address>
         <size>0x80</size>
         <alignment>0x4</alignment>
         <input_file_ref idref="fl-1"/>
      </object_component>
      <object_component id="oc-114">
         <name>.text.SYSCFG_DL_GPIO_init</name>
         <load_address>0x2c88</load_address>
         <readonly>true</readonly>
         <executable>true</executable>
         <run_address>0x2c88</run_address>
         <size>0x7c</size>
         <alignment>0x4</alignment>
         <input_file_ref idref="fl-2"/>
      </object_component>
      <object_component id="oc-243">
         <name>.text.__TI_closefile</name>
         <load_address>0x2d04</load_address>
         <readonly>true</readonly>
         <executable>true</executable>
         <run_address>0x2d04</run_address>
         <size>0x7c</size>
         <alignment>0x4</alignment>
         <input_file_ref idref="fl-44"/>
      </object_component>
      <object_component id="oc-1c">
         <name>.text:decompress:lzss</name>
         <load_address>0x2d80</load_address>
         <readonly>true</readonly>
         <executable>true</executable>
         <run_address>0x2d80</run_address>
         <size>0x78</size>
         <alignment>0x4</alignment>
         <input_file_ref idref="fl-3b"/>
      </object_component>
      <object_component id="oc-113">
         <name>.text.SYSCFG_DL_initPower</name>
         <load_address>0x2df8</load_address>
         <readonly>true</readonly>
         <executable>true</executable>
         <run_address>0x2df8</run_address>
         <size>0x70</size>
         <alignment>0x4</alignment>
         <input_file_ref idref="fl-2"/>
      </object_component>
      <object_component id="oc-25c">
         <name>.text.HOSTlseek</name>
         <load_address>0x2e68</load_address>
         <readonly>true</readonly>
         <executable>true</executable>
         <run_address>0x2e68</run_address>
         <size>0x6c</size>
         <alignment>0x4</alignment>
         <input_file_ref idref="fl-b2"/>
      </object_component>
      <object_component id="oc-264">
         <name>.text.HOSTrename</name>
         <load_address>0x2ed4</load_address>
         <readonly>true</readonly>
         <executable>true</executable>
         <run_address>0x2ed4</run_address>
         <size>0x6c</size>
         <alignment>0x4</alignment>
         <input_file_ref idref="fl-b5"/>
      </object_component>
      <object_component id="oc-116">
         <name>.text.SYSCFG_DL_PWM_0_init</name>
         <load_address>0x2f40</load_address>
         <readonly>true</readonly>
         <executable>true</executable>
         <run_address>0x2f40</run_address>
         <size>0x6c</size>
         <alignment>0x4</alignment>
         <input_file_ref idref="fl-2"/>
      </object_component>
      <object_component id="oc-1da">
         <name>.text.fseeko</name>
         <load_address>0x2fac</load_address>
         <readonly>true</readonly>
         <executable>true</executable>
         <run_address>0x2fac</run_address>
         <size>0x6c</size>
         <alignment>0x4</alignment>
         <input_file_ref idref="fl-41"/>
      </object_component>
      <object_component id="oc-118">
         <name>.text.SYSCFG_DL_I2C_init</name>
         <load_address>0x3018</load_address>
         <readonly>true</readonly>
         <executable>true</executable>
         <run_address>0x3018</run_address>
         <size>0x68</size>
         <alignment>0x4</alignment>
         <input_file_ref idref="fl-2"/>
      </object_component>
      <object_component id="oc-2c3">
         <name>.text.getdevice</name>
         <load_address>0x3080</load_address>
         <readonly>true</readonly>
         <executable>true</executable>
         <run_address>0x3080</run_address>
         <size>0x68</size>
         <alignment>0x4</alignment>
         <input_file_ref idref="fl-d1"/>
      </object_component>
      <object_component id="oc-119">
         <name>.text.SYSCFG_DL_I2C_0_init</name>
         <load_address>0x30e8</load_address>
         <readonly>true</readonly>
         <executable>true</executable>
         <run_address>0x30e8</run_address>
         <size>0x64</size>
         <alignment>0x4</alignment>
         <input_file_ref idref="fl-2"/>
      </object_component>
      <object_component id="oc-168">
         <name>.text.__TI_wrt_ok</name>
         <load_address>0x314c</load_address>
         <readonly>true</readonly>
         <executable>true</executable>
         <run_address>0x314c</run_address>
         <size>0x64</size>
         <alignment>0x2</alignment>
         <input_file_ref idref="fl-28"/>
      </object_component>
      <object_component id="oc-289">
         <name>.text.split</name>
         <load_address>0x31b0</load_address>
         <readonly>true</readonly>
         <executable>true</executable>
         <run_address>0x31b0</run_address>
         <size>0x64</size>
         <alignment>0x4</alignment>
         <input_file_ref idref="fl-33"/>
      </object_component>
      <object_component id="oc-106">
         <name>.text:memset</name>
         <load_address>0x3214</load_address>
         <readonly>true</readonly>
         <executable>true</executable>
         <run_address>0x3214</run_address>
         <size>0x62</size>
         <alignment>0x1</alignment>
         <input_file_ref idref="fl-d3"/>
      </object_component>
      <object_component id="oc-13a">
         <name>.text.__aeabi_idiv0</name>
         <load_address>0x3276</load_address>
         <readonly>true</readonly>
         <executable>true</executable>
         <run_address>0x3276</run_address>
         <size>0x2</size>
         <alignment>0x2</alignment>
         <input_file_ref idref="fl-d0"/>
      </object_component>
      <object_component id="oc-24c">
         <name>.text.HOSTopen</name>
         <load_address>0x3278</load_address>
         <readonly>true</readonly>
         <executable>true</executable>
         <run_address>0x3278</run_address>
         <size>0x60</size>
         <alignment>0x4</alignment>
         <input_file_ref idref="fl-b3"/>
      </object_component>
      <object_component id="oc-66">
         <name>.text.DL_I2C_fillControllerTXFIFO</name>
         <load_address>0x32d8</load_address>
         <readonly>true</readonly>
         <executable>true</executable>
         <run_address>0x32d8</run_address>
         <size>0x5e</size>
         <alignment>0x2</alignment>
         <input_file_ref idref="fl-13"/>
      </object_component>
      <object_component id="oc-183">
         <name>.text._nop</name>
         <load_address>0x3336</load_address>
         <readonly>true</readonly>
         <executable>true</executable>
         <run_address>0x3336</run_address>
         <size>0x2</size>
         <alignment>0x2</alignment>
         <input_file_ref idref="fl-2d"/>
      </object_component>
      <object_component id="oc-af">
         <name>.text.printf</name>
         <load_address>0x3338</load_address>
         <readonly>true</readonly>
         <executable>true</executable>
         <run_address>0x3338</run_address>
         <size>0x5c</size>
         <alignment>0x4</alignment>
         <input_file_ref idref="fl-24"/>
      </object_component>
      <object_component id="oc-254">
         <name>.text.HOSTread</name>
         <load_address>0x3394</load_address>
         <readonly>true</readonly>
         <executable>true</executable>
         <run_address>0x3394</run_address>
         <size>0x58</size>
         <alignment>0x4</alignment>
         <input_file_ref idref="fl-b4"/>
      </object_component>
      <object_component id="oc-258">
         <name>.text.HOSTwrite</name>
         <load_address>0x33ec</load_address>
         <readonly>true</readonly>
         <executable>true</executable>
         <run_address>0x33ec</run_address>
         <size>0x58</size>
         <alignment>0x4</alignment>
         <input_file_ref idref="fl-b7"/>
      </object_component>
      <object_component id="oc-11a">
         <name>.text.SYSCFG_DL_SPI_0_init</name>
         <load_address>0x3444</load_address>
         <readonly>true</readonly>
         <executable>true</executable>
         <run_address>0x3444</run_address>
         <size>0x58</size>
         <alignment>0x4</alignment>
         <input_file_ref idref="fl-2"/>
      </object_component>
      <object_component id="oc-172">
         <name>.text.__TI_doflush</name>
         <load_address>0x349c</load_address>
         <readonly>true</readonly>
         <executable>true</executable>
         <run_address>0x349c</run_address>
         <size>0x52</size>
         <alignment>0x2</alignment>
         <input_file_ref idref="fl-3f"/>
      </object_component>
      <object_component id="oc-28b">
         <name>.text.close</name>
         <load_address>0x34f0</load_address>
         <readonly>true</readonly>
         <executable>true</executable>
         <run_address>0x34f0</run_address>
         <size>0x50</size>
         <alignment>0x4</alignment>
         <input_file_ref idref="fl-af"/>
      </object_component>
      <object_component id="oc-250">
         <name>.text.HOSTclose</name>
         <load_address>0x3540</load_address>
         <readonly>true</readonly>
         <executable>true</executable>
         <run_address>0x3540</run_address>
         <size>0x48</size>
         <alignment>0x4</alignment>
         <input_file_ref idref="fl-b1"/>
      </object_component>
      <object_component id="oc-260">
         <name>.text.HOSTunlink</name>
         <load_address>0x3588</load_address>
         <readonly>true</readonly>
         <executable>true</executable>
         <run_address>0x3588</run_address>
         <size>0x48</size>
         <alignment>0x4</alignment>
         <input_file_ref idref="fl-b6"/>
      </object_component>
      <object_component id="oc-9c">
         <name>.text.SYSCFG_DL_init</name>
         <load_address>0x35d0</load_address>
         <readonly>true</readonly>
         <executable>true</executable>
         <run_address>0x35d0</run_address>
         <size>0x48</size>
         <alignment>0x4</alignment>
         <input_file_ref idref="fl-2"/>
      </object_component>
      <object_component id="oc-165">
         <name>.text.DL_SPI_init</name>
         <load_address>0x3618</load_address>
         <readonly>true</readonly>
         <executable>true</executable>
         <run_address>0x3618</run_address>
         <size>0x44</size>
         <alignment>0x4</alignment>
         <input_file_ref idref="fl-14"/>
      </object_component>
      <object_component id="oc-b6">
         <name>.text.__aeabi_uidivmod</name>
         <load_address>0x365c</load_address>
         <readonly>true</readonly>
         <executable>true</executable>
         <run_address>0x365c</run_address>
         <size>0x40</size>
         <alignment>0x4</alignment>
         <input_file_ref idref="fl-cb"/>
      </object_component>
      <object_component id="oc-ee">
         <name>.text:__TI_auto_init_nobinit_nopinit</name>
         <load_address>0x369c</load_address>
         <readonly>true</readonly>
         <executable>true</executable>
         <run_address>0x369c</run_address>
         <size>0x3c</size>
         <alignment>0x4</alignment>
         <input_file_ref idref="fl-36"/>
      </object_component>
      <object_component id="oc-2cc">
         <name>.text.finddevice</name>
         <load_address>0x36d8</load_address>
         <readonly>true</readonly>
         <executable>true</executable>
         <run_address>0x36d8</run_address>
         <size>0x38</size>
         <alignment>0x4</alignment>
         <input_file_ref idref="fl-d1"/>
      </object_component>
      <object_component id="oc-1e4">
         <name>.text.__TI_cleanup</name>
         <load_address>0x3710</load_address>
         <readonly>true</readonly>
         <executable>true</executable>
         <run_address>0x3710</run_address>
         <size>0x34</size>
         <alignment>0x4</alignment>
         <input_file_ref idref="fl-40"/>
      </object_component>
      <object_component id="oc-29c">
         <name>.text.__TI_readmsg</name>
         <load_address>0x3744</load_address>
         <readonly>true</readonly>
         <executable>true</executable>
         <run_address>0x3744</run_address>
         <size>0x34</size>
         <alignment>0x4</alignment>
         <input_file_ref idref="fl-b8"/>
      </object_component>
      <object_component id="oc-296">
         <name>.text.__TI_writemsg</name>
         <load_address>0x3778</load_address>
         <readonly>true</readonly>
         <executable>true</executable>
         <run_address>0x3778</run_address>
         <size>0x34</size>
         <alignment>0x4</alignment>
         <input_file_ref idref="fl-b8"/>
      </object_component>
      <object_component id="oc-ec">
         <name>.text.exit</name>
         <load_address>0x37ac</load_address>
         <readonly>true</readonly>
         <executable>true</executable>
         <run_address>0x37ac</run_address>
         <size>0x34</size>
         <alignment>0x4</alignment>
         <input_file_ref idref="fl-2c"/>
      </object_component>
      <object_component id="oc-115">
         <name>.text.SYSCFG_DL_SYSCTL_init</name>
         <load_address>0x37e0</load_address>
         <readonly>true</readonly>
         <executable>true</executable>
         <run_address>0x37e0</run_address>
         <size>0x30</size>
         <alignment>0x4</alignment>
         <input_file_ref idref="fl-2"/>
      </object_component>
      <object_component id="oc-117">
         <name>.text.SYSCFG_DL_TIMER_0_init</name>
         <load_address>0x3810</load_address>
         <readonly>true</readonly>
         <executable>true</executable>
         <run_address>0x3810</run_address>
         <size>0x2c</size>
         <alignment>0x4</alignment>
         <input_file_ref idref="fl-2"/>
      </object_component>
      <object_component id="oc-97">
         <name>.text.SYSCFG_DL_TIMER_1_init</name>
         <load_address>0x383c</load_address>
         <readonly>true</readonly>
         <executable>true</executable>
         <run_address>0x383c</run_address>
         <size>0x2c</size>
         <alignment>0x4</alignment>
         <input_file_ref idref="fl-2"/>
      </object_component>
      <object_component id="oc-2b9">
         <name>.text.unlink</name>
         <load_address>0x3868</load_address>
         <readonly>true</readonly>
         <executable>true</executable>
         <run_address>0x3868</run_address>
         <size>0x2c</size>
         <alignment>0x4</alignment>
         <input_file_ref idref="fl-b0"/>
      </object_component>
      <object_component id="oc-23e">
         <name>.text.free_list_insert</name>
         <load_address>0x3894</load_address>
         <readonly>true</readonly>
         <executable>true</executable>
         <run_address>0x3894</run_address>
         <size>0x28</size>
         <alignment>0x4</alignment>
         <input_file_ref idref="fl-33"/>
      </object_component>
      <object_component id="oc-238">
         <name>.text.lseek</name>
         <load_address>0x38bc</load_address>
         <readonly>true</readonly>
         <executable>true</executable>
         <run_address>0x38bc</run_address>
         <size>0x28</size>
         <alignment>0x4</alignment>
         <input_file_ref idref="fl-ae"/>
      </object_component>
      <object_component id="oc-16e">
         <name>.text.write</name>
         <load_address>0x38e4</load_address>
         <readonly>true</readonly>
         <executable>true</executable>
         <run_address>0x38e4</run_address>
         <size>0x28</size>
         <alignment>0x4</alignment>
         <input_file_ref idref="fl-aa"/>
      </object_component>
      <object_component id="oc-56">
         <name>.text:_c_int00_noargs</name>
         <load_address>0x390c</load_address>
         <readonly>true</readonly>
         <executable>true</executable>
         <run_address>0x390c</run_address>
         <size>0x28</size>
         <alignment>0x4</alignment>
         <input_file_ref idref="fl-34"/>
      </object_component>
      <object_component id="oc-15c">
         <name>.text.DL_I2C_setClockConfig</name>
         <load_address>0x3934</load_address>
         <readonly>true</readonly>
         <executable>true</executable>
         <run_address>0x3934</run_address>
         <size>0x26</size>
         <alignment>0x2</alignment>
         <input_file_ref idref="fl-13"/>
      </object_component>
      <object_component id="oc-9d">
         <name>.text.puts</name>
         <load_address>0x395c</load_address>
         <readonly>true</readonly>
         <executable>true</executable>
         <run_address>0x395c</run_address>
         <size>0x24</size>
         <alignment>0x4</alignment>
         <input_file_ref idref="fl-27"/>
      </object_component>
      <object_component id="oc-1b3">
         <name>.text.memccpy</name>
         <load_address>0x3980</load_address>
         <readonly>true</readonly>
         <executable>true</executable>
         <run_address>0x3980</run_address>
         <size>0x22</size>
         <alignment>0x2</alignment>
         <input_file_ref idref="fl-32"/>
      </object_component>
      <object_component id="oc-156">
         <name>.text.DL_Timer_setCaptCompUpdateMethod</name>
         <load_address>0x39a4</load_address>
         <readonly>true</readonly>
         <executable>true</executable>
         <run_address>0x39a4</run_address>
         <size>0x1c</size>
         <alignment>0x4</alignment>
         <input_file_ref idref="fl-15"/>
      </object_component>
      <object_component id="oc-107">
         <name>.text.DL_Timer_setClockConfig</name>
         <load_address>0x39c0</load_address>
         <readonly>true</readonly>
         <executable>true</executable>
         <run_address>0x39c0</run_address>
         <size>0x1c</size>
         <alignment>0x4</alignment>
         <input_file_ref idref="fl-15"/>
      </object_component>
      <object_component id="oc-23c">
         <name>.text.free_list_remove</name>
         <load_address>0x39dc</load_address>
         <readonly>true</readonly>
         <executable>true</executable>
         <run_address>0x39dc</run_address>
         <size>0x1c</size>
         <alignment>0x4</alignment>
         <input_file_ref idref="fl-33"/>
      </object_component>
      <object_component id="oc-155">
         <name>.text.DL_Timer_setCaptureCompareOutCtl</name>
         <load_address>0x39f8</load_address>
         <readonly>true</readonly>
         <executable>true</executable>
         <run_address>0x39f8</run_address>
         <size>0x18</size>
         <alignment>0x4</alignment>
         <input_file_ref idref="fl-15"/>
      </object_component>
      <object_component id="oc-15f">
         <name>.text.DL_SPI_setClockConfig</name>
         <load_address>0x3a10</load_address>
         <readonly>true</readonly>
         <executable>true</executable>
         <run_address>0x3a10</run_address>
         <size>0x12</size>
         <alignment>0x2</alignment>
         <input_file_ref idref="fl-14"/>
      </object_component>
      <object_component id="oc-2b0">
         <name>.text.strcpy</name>
         <load_address>0x3a22</load_address>
         <readonly>true</readonly>
         <executable>true</executable>
         <run_address>0x3a22</run_address>
         <size>0x12</size>
         <alignment>0x2</alignment>
         <input_file_ref idref="fl-b5"/>
      </object_component>
      <object_component id="oc-20">
         <name>.text:decompress:none</name>
         <load_address>0x3a34</load_address>
         <readonly>true</readonly>
         <executable>true</executable>
         <run_address>0x3a34</run_address>
         <size>0x12</size>
         <alignment>0x2</alignment>
         <input_file_ref idref="fl-3a"/>
      </object_component>
      <object_component id="oc-157">
         <name>.text.DL_Timer_setCaptureCompareValue</name>
         <load_address>0x3a48</load_address>
         <readonly>true</readonly>
         <executable>true</executable>
         <run_address>0x3a48</run_address>
         <size>0x10</size>
         <alignment>0x4</alignment>
         <input_file_ref idref="fl-15"/>
      </object_component>
      <object_component id="oc-53">
         <name>.text:decompress:ZI</name>
         <load_address>0x3a58</load_address>
         <readonly>true</readonly>
         <executable>true</executable>
         <run_address>0x3a58</run_address>
         <size>0x10</size>
         <alignment>0x2</alignment>
         <input_file_ref idref="fl-39"/>
      </object_component>
      <object_component id="oc-23d">
         <name>.text.OUTLINED_FUNCTION_0</name>
         <load_address>0x3a68</load_address>
         <readonly>true</readonly>
         <executable>true</executable>
         <run_address>0x3a68</run_address>
         <size>0xe</size>
         <alignment>0x2</alignment>
         <input_file_ref idref="fl-33"/>
      </object_component>
      <object_component id="oc-1b2">
         <name>.text.__aeabi_memset</name>
         <load_address>0x3a78</load_address>
         <readonly>true</readonly>
         <executable>true</executable>
         <run_address>0x3a78</run_address>
         <size>0xe</size>
         <alignment>0x4</alignment>
         <input_file_ref idref="fl-ca"/>
      </object_component>
      <object_component id="oc-1b1">
         <name>.text.strlen</name>
         <load_address>0x3a86</load_address>
         <readonly>true</readonly>
         <executable>true</executable>
         <run_address>0x3a86</run_address>
         <size>0xe</size>
         <alignment>0x2</alignment>
         <input_file_ref idref="fl-25"/>
      </object_component>
      <object_component id="oc-2b1">
         <name>.text.strlen</name>
         <load_address>0x3a94</load_address>
         <readonly>true</readonly>
         <executable>true</executable>
         <run_address>0x3a94</run_address>
         <size>0xe</size>
         <alignment>0x2</alignment>
         <input_file_ref idref="fl-b5"/>
      </object_component>
      <object_component id="oc-39">
         <name>.text.TIMG0_IRQHandler</name>
         <load_address>0x3aa4</load_address>
         <readonly>true</readonly>
         <executable>true</executable>
         <run_address>0x3aa4</run_address>
         <size>0xc</size>
         <alignment>0x4</alignment>
         <input_file_ref idref="fl-1"/>
      </object_component>
      <object_component id="oc-77">
         <name>.text.__aeabi_memclr</name>
         <load_address>0x3ab0</load_address>
         <readonly>true</readonly>
         <executable>true</executable>
         <run_address>0x3ab0</run_address>
         <size>0xc</size>
         <alignment>0x4</alignment>
         <input_file_ref idref="fl-ca"/>
      </object_component>
      <object_component id="oc-1e3">
         <name>.text.malloc</name>
         <load_address>0x3abc</load_address>
         <readonly>true</readonly>
         <executable>true</executable>
         <run_address>0x3abc</run_address>
         <size>0xc</size>
         <alignment>0x2</alignment>
         <input_file_ref idref="fl-33"/>
      </object_component>
      <object_component id="oc-a3">
         <name>.text.DL_Common_delayCycles</name>
         <load_address>0x3ac8</load_address>
         <readonly>true</readonly>
         <executable>true</executable>
         <run_address>0x3ac8</run_address>
         <size>0xa</size>
         <alignment>0x2</alignment>
         <input_file_ref idref="fl-12"/>
      </object_component>
      <object_component id="oc-46">
         <name>.text.__aeabi_memcpy</name>
         <load_address>0x3ad4</load_address>
         <readonly>true</readonly>
         <executable>true</executable>
         <run_address>0x3ad4</run_address>
         <size>0x8</size>
         <alignment>0x4</alignment>
         <input_file_ref idref="fl-c9"/>
      </object_component>
      <object_component id="oc-134">
         <name>.text._outc</name>
         <load_address>0x3adc</load_address>
         <readonly>true</readonly>
         <executable>true</executable>
         <run_address>0x3adc</run_address>
         <size>0x8</size>
         <alignment>0x2</alignment>
         <input_file_ref idref="fl-24"/>
      </object_component>
      <object_component id="oc-133">
         <name>.text._outs</name>
         <load_address>0x3ae4</load_address>
         <readonly>true</readonly>
         <executable>true</executable>
         <run_address>0x3ae4</run_address>
         <size>0x8</size>
         <alignment>0x2</alignment>
         <input_file_ref idref="fl-24"/>
      </object_component>
      <object_component id="oc-19e">
         <name>.text.fseek</name>
         <load_address>0x3aec</load_address>
         <readonly>true</readonly>
         <executable>true</executable>
         <run_address>0x3aec</run_address>
         <size>0x8</size>
         <alignment>0x2</alignment>
         <input_file_ref idref="fl-41"/>
      </object_component>
      <object_component id="oc-28f">
         <name>.text.remove</name>
         <load_address>0x3af4</load_address>
         <readonly>true</readonly>
         <executable>true</executable>
         <run_address>0x3af4</run_address>
         <size>0x8</size>
         <alignment>0x2</alignment>
         <input_file_ref idref="fl-ac"/>
      </object_component>
      <object_component id="oc-2f">
         <name>.text.Reset_Handler</name>
         <load_address>0x3afc</load_address>
         <readonly>true</readonly>
         <executable>true</executable>
         <run_address>0x3afc</run_address>
         <size>0x4</size>
         <alignment>0x2</alignment>
         <input_file_ref idref="fl-3"/>
      </object_component>
      <object_component id="oc-7c">
         <name>.text._system_pre_init</name>
         <load_address>0x3b00</load_address>
         <readonly>true</readonly>
         <executable>true</executable>
         <run_address>0x3b00</run_address>
         <size>0x4</size>
         <alignment>0x2</alignment>
         <input_file_ref idref="fl-37"/>
      </object_component>
      <object_component id="oc-e7">
         <name>.text:abort</name>
         <load_address>0x3b04</load_address>
         <readonly>true</readonly>
         <executable>true</executable>
         <run_address>0x3b04</run_address>
         <size>0x4</size>
         <alignment>0x2</alignment>
         <input_file_ref idref="fl-2c"/>
      </object_component>
      <object_component id="oc-312">
         <name>.cinit..data.load</name>
         <load_address>0x3d90</load_address>
         <readonly>true</readonly>
         <run_address>0x3d90</run_address>
         <size>0x89c</size>
         <alignment>0x1</alignment>
      </object_component>
      <object_component id="oc-310">
         <name>__TI_handler_table</name>
         <load_address>0x462c</load_address>
         <readonly>true</readonly>
         <run_address>0x462c</run_address>
         <size>0xc</size>
         <alignment>0x4</alignment>
      </object_component>
      <object_component id="oc-313">
         <name>.cinit..bss.load</name>
         <load_address>0x4638</load_address>
         <readonly>true</readonly>
         <run_address>0x4638</run_address>
         <size>0x8</size>
         <alignment>0x4</alignment>
      </object_component>
      <object_component id="oc-311">
         <name>__TI_cinit_table</name>
         <load_address>0x4640</load_address>
         <readonly>true</readonly>
         <run_address>0x4640</run_address>
         <size>0x10</size>
         <alignment>0x4</alignment>
      </object_component>
      <object_component id="oc-12f">
         <name>.rodata.str1.48240776371015415421</name>
         <load_address>0x3b08</load_address>
         <readonly>true</readonly>
         <run_address>0x3b08</run_address>
         <size>0x49</size>
         <alignment>0x1</alignment>
         <input_file_ref idref="fl-1"/>
      </object_component>
      <object_component id="oc-12c">
         <name>.rodata.str1.67984237590647930321</name>
         <load_address>0x3b51</load_address>
         <readonly>true</readonly>
         <run_address>0x3b51</run_address>
         <size>0x49</size>
         <alignment>0x1</alignment>
         <input_file_ref idref="fl-1"/>
      </object_component>
      <object_component id="oc-129">
         <name>.rodata.str1.140306139287157535561</name>
         <load_address>0x3b9a</load_address>
         <readonly>true</readonly>
         <run_address>0x3b9a</run_address>
         <size>0x42</size>
         <alignment>0x1</alignment>
         <input_file_ref idref="fl-1"/>
      </object_component>
      <object_component id="oc-c6">
         <name>.rodata.str1.160488715934236150411</name>
         <load_address>0x3bdc</load_address>
         <readonly>true</readonly>
         <run_address>0x3bdc</run_address>
         <size>0x39</size>
         <alignment>0x1</alignment>
         <input_file_ref idref="fl-1"/>
      </object_component>
      <object_component id="oc-196">
         <name>.rodata.str1.79261674118227614831</name>
         <load_address>0x3c15</load_address>
         <readonly>true</readonly>
         <run_address>0x3c15</run_address>
         <size>0x36</size>
         <alignment>0x1</alignment>
         <input_file_ref idref="fl-1"/>
      </object_component>
      <object_component id="oc-139">
         <name>.rodata.str1.88911821743672854021</name>
         <load_address>0x3c4b</load_address>
         <readonly>true</readonly>
         <run_address>0x3c4b</run_address>
         <size>0x2f</size>
         <alignment>0x1</alignment>
         <input_file_ref idref="fl-1"/>
      </object_component>
      <object_component id="oc-194">
         <name>.rodata.str1.110855552401150769451</name>
         <load_address>0x3c7a</load_address>
         <readonly>true</readonly>
         <run_address>0x3c7a</run_address>
         <size>0x2c</size>
         <alignment>0x1</alignment>
         <input_file_ref idref="fl-1"/>
      </object_component>
      <object_component id="oc-138">
         <name>.rodata.str1.13902749373373130941</name>
         <load_address>0x3ca6</load_address>
         <readonly>true</readonly>
         <run_address>0x3ca6</run_address>
         <size>0x19</size>
         <alignment>0x1</alignment>
         <input_file_ref idref="fl-1"/>
      </object_component>
      <object_component id="oc-db">
         <name>.rodata..Lswitch.table.main.24</name>
         <load_address>0x3cc0</load_address>
         <readonly>true</readonly>
         <run_address>0x3cc0</run_address>
         <size>0x14</size>
         <alignment>0x4</alignment>
         <input_file_ref idref="fl-1"/>
      </object_component>
      <object_component id="oc-15b">
         <name>.rodata.gTIMER_0TimerConfig</name>
         <load_address>0x3cd4</load_address>
         <readonly>true</readonly>
         <run_address>0x3cd4</run_address>
         <size>0x14</size>
         <alignment>0x4</alignment>
         <input_file_ref idref="fl-2"/>
      </object_component>
      <object_component id="oc-10f">
         <name>.rodata.gTIMER_1TimerConfig</name>
         <load_address>0x3ce8</load_address>
         <readonly>true</readonly>
         <run_address>0x3ce8</run_address>
         <size>0x14</size>
         <alignment>0x4</alignment>
         <input_file_ref idref="fl-2"/>
      </object_component>
      <object_component id="oc-ae">
         <name>.rodata.str1.85205569418989064481</name>
         <load_address>0x3cfc</load_address>
         <readonly>true</readonly>
         <run_address>0x3cfc</run_address>
         <size>0x12</size>
         <alignment>0x1</alignment>
         <input_file_ref idref="fl-1"/>
      </object_component>
      <object_component id="oc-1b7">
         <name>.rodata.str1.44690500295887128011</name>
         <load_address>0x3d0e</load_address>
         <readonly>true</readonly>
         <run_address>0x3d0e</run_address>
         <size>0x11</size>
         <alignment>0x1</alignment>
         <input_file_ref idref="fl-25"/>
      </object_component>
      <object_component id="oc-12b">
         <name>.rodata.str1.131844387856919930721</name>
         <load_address>0x3d1f</load_address>
         <readonly>true</readonly>
         <run_address>0x3d1f</run_address>
         <size>0xd</size>
         <alignment>0x1</alignment>
         <input_file_ref idref="fl-1"/>
      </object_component>
      <object_component id="oc-12e">
         <name>.rodata.str1.39385475378779006941</name>
         <load_address>0x3d2c</load_address>
         <readonly>true</readonly>
         <run_address>0x3d2c</run_address>
         <size>0xd</size>
         <alignment>0x1</alignment>
         <input_file_ref idref="fl-1"/>
      </object_component>
      <object_component id="oc-158">
         <name>.rodata.gPWM_0ClockConfig</name>
         <load_address>0x3d39</load_address>
         <readonly>true</readonly>
         <run_address>0x3d39</run_address>
         <size>0x3</size>
         <alignment>0x1</alignment>
         <input_file_ref idref="fl-2"/>
      </object_component>
      <object_component id="oc-c4">
         <name>.rodata..Lswitch.table.main.23</name>
         <load_address>0x3d3c</load_address>
         <readonly>true</readonly>
         <run_address>0x3d3c</run_address>
         <size>0xc</size>
         <alignment>0x4</alignment>
         <input_file_ref idref="fl-1"/>
      </object_component>
      <object_component id="oc-c7">
         <name>.rodata.str1.2310566791940461521</name>
         <load_address>0x3d48</load_address>
         <readonly>true</readonly>
         <run_address>0x3d48</run_address>
         <size>0xb</size>
         <alignment>0x1</alignment>
         <input_file_ref idref="fl-1"/>
      </object_component>
      <object_component id="oc-167">
         <name>.rodata.gSPI_0_config</name>
         <load_address>0x3d54</load_address>
         <readonly>true</readonly>
         <run_address>0x3d54</run_address>
         <size>0xa</size>
         <alignment>0x2</alignment>
         <input_file_ref idref="fl-2"/>
      </object_component>
      <object_component id="oc-12d">
         <name>.rodata.str1.27049273561851328661</name>
         <load_address>0x3d5e</load_address>
         <readonly>true</readonly>
         <run_address>0x3d5e</run_address>
         <size>0x9</size>
         <alignment>0x1</alignment>
         <input_file_ref idref="fl-1"/>
      </object_component>
      <object_component id="oc-159">
         <name>.rodata.gPWM_0Config</name>
         <load_address>0x3d68</load_address>
         <readonly>true</readonly>
         <run_address>0x3d68</run_address>
         <size>0x8</size>
         <alignment>0x4</alignment>
         <input_file_ref idref="fl-2"/>
      </object_component>
      <object_component id="oc-12a">
         <name>.rodata.str1.176543711075316560271</name>
         <load_address>0x3d70</load_address>
         <readonly>true</readonly>
         <run_address>0x3d70</run_address>
         <size>0x7</size>
         <alignment>0x1</alignment>
         <input_file_ref idref="fl-1"/>
      </object_component>
      <object_component id="oc-128">
         <name>.rodata.str1.162195371796059622911</name>
         <load_address>0x3d77</load_address>
         <readonly>true</readonly>
         <run_address>0x3d77</run_address>
         <size>0x6</size>
         <alignment>0x1</alignment>
         <input_file_ref idref="fl-1"/>
      </object_component>
      <object_component id="oc-127">
         <name>.rodata.str1.81152037711983419651</name>
         <load_address>0x3d7d</load_address>
         <readonly>true</readonly>
         <run_address>0x3d7d</run_address>
         <size>0x4</size>
         <alignment>0x1</alignment>
         <input_file_ref idref="fl-1"/>
      </object_component>
      <object_component id="oc-15a">
         <name>.rodata.gTIMER_0ClockConfig</name>
         <load_address>0x3d81</load_address>
         <readonly>true</readonly>
         <run_address>0x3d81</run_address>
         <size>0x3</size>
         <alignment>0x1</alignment>
         <input_file_ref idref="fl-2"/>
      </object_component>
      <object_component id="oc-10e">
         <name>.rodata.gTIMER_1ClockConfig</name>
         <load_address>0x3d84</load_address>
         <readonly>true</readonly>
         <run_address>0x3d84</run_address>
         <size>0x3</size>
         <alignment>0x1</alignment>
         <input_file_ref idref="fl-2"/>
      </object_component>
      <object_component id="oc-15d">
         <name>.rodata.gI2CClockConfig</name>
         <load_address>0x3d87</load_address>
         <readonly>true</readonly>
         <run_address>0x3d87</run_address>
         <size>0x2</size>
         <alignment>0x1</alignment>
         <input_file_ref idref="fl-2"/>
      </object_component>
      <object_component id="oc-15e">
         <name>.rodata.gI2C_0ClockConfig</name>
         <load_address>0x3d89</load_address>
         <readonly>true</readonly>
         <run_address>0x3d89</run_address>
         <size>0x2</size>
         <alignment>0x1</alignment>
         <input_file_ref idref="fl-2"/>
      </object_component>
      <object_component id="oc-166">
         <name>.rodata.gSPI_0_clockConfig</name>
         <load_address>0x3d8b</load_address>
         <readonly>true</readonly>
         <run_address>0x3d8b</run_address>
         <size>0x2</size>
         <alignment>0x1</alignment>
         <input_file_ref idref="fl-2"/>
      </object_component>
      <object_component id="oc-121">
         <name>.rodata.str1.127069605411828601681</name>
         <load_address>0x3d8d</load_address>
         <readonly>true</readonly>
         <run_address>0x3d8d</run_address>
         <size>0x2</size>
         <alignment>0x1</alignment>
         <input_file_ref idref="fl-27"/>
      </object_component>
      <object_component id="oc-2d8">
         <name>.binit</name>
         <load_address>0x0</load_address>
         <readonly>true</readonly>
         <run_address>0x0</run_address>
         <size>0x0</size>
         <alignment>0x4</alignment>
      </object_component>
      <object_component id="oc-a7">
         <name>.data.offTxPacket</name>
         <load_address>0x20202490</load_address>
         <readwrite>true</readwrite>
         <run_address>0x20202490</run_address>
         <size>0x9</size>
         <alignment>0x4</alignment>
         <input_file_ref idref="fl-1"/>
      </object_component>
      <object_component id="oc-5d">
         <name>.data.buffer_switch</name>
         <load_address>0x202024ab</load_address>
         <readwrite>true</readwrite>
         <run_address>0x202024ab</run_address>
         <size>0x1</size>
         <alignment>0x1</alignment>
         <input_file_ref idref="fl-1"/>
      </object_component>
      <object_component id="oc-a8">
         <name>.data.txPacket0_ready_flag</name>
         <load_address>0x2020250d</load_address>
         <readwrite>true</readwrite>
         <run_address>0x2020250d</run_address>
         <size>0x1</size>
         <alignment>0x1</alignment>
         <input_file_ref idref="fl-1"/>
      </object_component>
      <object_component id="oc-a9">
         <name>.data.txPacket1_ready_flag</name>
         <load_address>0x2020250e</load_address>
         <readwrite>true</readwrite>
         <run_address>0x2020250e</run_address>
         <size>0x1</size>
         <alignment>0x1</alignment>
         <input_file_ref idref="fl-1"/>
      </object_component>
      <object_component id="oc-c0">
         <name>.data.time_ms</name>
         <load_address>0x202024ec</load_address>
         <readwrite>true</readwrite>
         <run_address>0x202024ec</run_address>
         <size>0x4</size>
         <alignment>0x4</alignment>
         <input_file_ref idref="fl-1"/>
      </object_component>
      <object_component id="oc-146">
         <name>.data.greenTxPacket</name>
         <load_address>0x20202485</load_address>
         <readwrite>true</readwrite>
         <run_address>0x20202485</run_address>
         <size>0x9</size>
         <alignment>0x1</alignment>
         <input_file_ref idref="fl-1"/>
      </object_component>
      <object_component id="oc-145">
         <name>.data.redTxPacket</name>
         <load_address>0x202024a2</load_address>
         <readwrite>true</readwrite>
         <run_address>0x202024a2</run_address>
         <size>0x9</size>
         <alignment>0x1</alignment>
         <input_file_ref idref="fl-1"/>
      </object_component>
      <object_component id="oc-147">
         <name>.data.blueTxPacket</name>
         <load_address>0x20202458</load_address>
         <readwrite>true</readwrite>
         <run_address>0x20202458</run_address>
         <size>0x9</size>
         <alignment>0x1</alignment>
         <input_file_ref idref="fl-1"/>
      </object_component>
      <object_component id="oc-195">
         <name>.data.purpleTxPacket</name>
         <load_address>0x20202499</load_address>
         <readwrite>true</readwrite>
         <run_address>0x20202499</run_address>
         <size>0x9</size>
         <alignment>0x1</alignment>
         <input_file_ref idref="fl-1"/>
      </object_component>
      <object_component id="oc-197">
         <name>.data.dimGreenTxPacket</name>
         <load_address>0x2020246a</load_address>
         <readwrite>true</readwrite>
         <run_address>0x2020246a</run_address>
         <size>0x9</size>
         <alignment>0x1</alignment>
         <input_file_ref idref="fl-1"/>
      </object_component>
      <object_component id="oc-144">
         <name>.data.dimRedTxPacket</name>
         <load_address>0x2020247c</load_address>
         <readwrite>true</readwrite>
         <run_address>0x2020247c</run_address>
         <size>0x9</size>
         <alignment>0x1</alignment>
         <input_file_ref idref="fl-1"/>
      </object_component>
      <object_component id="oc-198">
         <name>.data.dimBlueTxPacket</name>
         <load_address>0x20202461</load_address>
         <readwrite>true</readwrite>
         <run_address>0x20202461</run_address>
         <size>0x9</size>
         <alignment>0x1</alignment>
         <input_file_ref idref="fl-1"/>
      </object_component>
      <object_component id="oc-143">
         <name>.data.dimGreyTxPacket</name>
         <load_address>0x20202473</load_address>
         <readwrite>true</readwrite>
         <run_address>0x20202473</run_address>
         <size>0x9</size>
         <alignment>0x1</alignment>
         <input_file_ref idref="fl-1"/>
      </object_component>
      <object_component id="oc-dc">
         <name>.data.flashTxPacket</name>
         <load_address>0x202024d4</load_address>
         <readwrite>true</readwrite>
         <run_address>0x202024d4</run_address>
         <size>0x4</size>
         <alignment>0x4</alignment>
         <input_file_ref idref="fl-1"/>
      </object_component>
      <object_component id="oc-aa">
         <name>.data.song2_duvet</name>
         <load_address>0x202015dc</load_address>
         <readwrite>true</readwrite>
         <run_address>0x202015dc</run_address>
         <size>0x43c</size>
         <alignment>0x4</alignment>
         <input_file_ref idref="fl-1"/>
      </object_component>
      <object_component id="oc-ab">
         <name>.data.song4_reality_surf</name>
         <load_address>0x20201a18</load_address>
         <readwrite>true</readwrite>
         <run_address>0x20201a18</run_address>
         <size>0x43c</size>
         <alignment>0x4</alignment>
         <input_file_ref idref="fl-1"/>
      </object_component>
      <object_component id="oc-ac">
         <name>.data.song5_stupid_horse</name>
         <load_address>0x20201e54</load_address>
         <readwrite>true</readwrite>
         <run_address>0x20201e54</run_address>
         <size>0x43c</size>
         <alignment>0x4</alignment>
         <input_file_ref idref="fl-1"/>
      </object_component>
      <object_component id="oc-c2">
         <name>.data.game_state</name>
         <load_address>0x20202508</load_address>
         <readwrite>true</readwrite>
         <run_address>0x20202508</run_address>
         <size>0x1</size>
         <alignment>0x1</alignment>
         <input_file_ref idref="fl-1"/>
      </object_component>
      <object_component id="oc-62">
         <name>.data.transmissionComplete</name>
         <load_address>0x202024f0</load_address>
         <readwrite>true</readwrite>
         <run_address>0x202024f0</run_address>
         <size>0x4</size>
         <alignment>0x4</alignment>
         <input_file_ref idref="fl-1"/>
      </object_component>
      <object_component id="oc-5e">
         <name>.data.idx</name>
         <load_address>0x202024d8</load_address>
         <readwrite>true</readwrite>
         <run_address>0x202024d8</run_address>
         <size>0x4</size>
         <alignment>0x4</alignment>
         <input_file_ref idref="fl-1"/>
      </object_component>
      <object_component id="oc-e5">
         <name>.data.repeat</name>
         <load_address>0x202024e4</load_address>
         <readwrite>true</readwrite>
         <run_address>0x202024e4</run_address>
         <size>0x4</size>
         <alignment>0x4</alignment>
         <input_file_ref idref="fl-1"/>
      </object_component>
      <object_component id="oc-61">
         <name>.data.db_message_len</name>
         <load_address>0x202024d0</load_address>
         <readwrite>true</readwrite>
         <run_address>0x202024d0</run_address>
         <size>0x4</size>
         <alignment>0x4</alignment>
         <input_file_ref idref="fl-1"/>
      </object_component>
      <object_component id="oc-bb">
         <name>.data.accel_magnitude_global</name>
         <load_address>0x202024c4</load_address>
         <readwrite>true</readwrite>
         <run_address>0x202024c4</run_address>
         <size>0x4</size>
         <alignment>0x4</alignment>
         <input_file_ref idref="fl-1"/>
      </object_component>
      <object_component id="oc-bc">
         <name>.data.transmissions</name>
         <load_address>0x202024f4</load_address>
         <readwrite>true</readwrite>
         <run_address>0x202024f4</run_address>
         <size>0x4</size>
         <alignment>0x4</alignment>
         <input_file_ref idref="fl-1"/>
      </object_component>
      <object_component id="oc-dd">
         <name>.data.input_channel</name>
         <load_address>0x202024dc</load_address>
         <readwrite>true</readwrite>
         <run_address>0x202024dc</run_address>
         <size>0x4</size>
         <alignment>0x4</alignment>
         <input_file_ref idref="fl-1"/>
      </object_component>
      <object_component id="oc-c8">
         <name>.data.song_length_ms</name>
         <load_address>0x202024e8</load_address>
         <readwrite>true</readwrite>
         <run_address>0x202024e8</run_address>
         <size>0x4</size>
         <alignment>0x4</alignment>
         <input_file_ref idref="fl-1"/>
      </object_component>
      <object_component id="oc-c1">
         <name>.data.accel_counter</name>
         <load_address>0x202024c0</load_address>
         <readwrite>true</readwrite>
         <run_address>0x202024c0</run_address>
         <size>0x4</size>
         <alignment>0x4</alignment>
         <input_file_ref idref="fl-1"/>
      </object_component>
      <object_component id="oc-c3">
         <name>.data.carousel_idx</name>
         <load_address>0x202024c8</load_address>
         <readwrite>true</readwrite>
         <run_address>0x202024c8</run_address>
         <size>0x4</size>
         <alignment>0x4</alignment>
         <input_file_ref idref="fl-1"/>
      </object_component>
      <object_component id="oc-ca">
         <name>.data.forward_index</name>
         <load_address>0x202024fc</load_address>
         <readwrite>true</readwrite>
         <run_address>0x202024fc</run_address>
         <size>0x2</size>
         <alignment>0x2</alignment>
         <input_file_ref idref="fl-1"/>
      </object_component>
      <object_component id="oc-ce">
         <name>.data.backward_index</name>
         <load_address>0x2020248e</load_address>
         <readwrite>true</readwrite>
         <run_address>0x2020248e</run_address>
         <size>0x2</size>
         <alignment>0x2</alignment>
         <input_file_ref idref="fl-1"/>
      </object_component>
      <object_component id="oc-d2">
         <name>.data.change</name>
         <load_address>0x202024f8</load_address>
         <readwrite>true</readwrite>
         <run_address>0x202024f8</run_address>
[...]
      </symbol>
      <symbol id="sm-118">
         <name>SYSCFG_DL_I2C_init</name>
         <value>0x3019</value>
         <object_component_ref idref="oc-118"/>
      </symbol>
      <symbol id="sm-119">
         <name>SYSCFG_DL_I2C_0_init</name>
         <value>0x30e9</value>
         <object_component_ref idref="oc-119"/>
      </symbol>
      <symbol id="sm-11a">
         <name>SYSCFG_DL_SPI_0_init</name>
         <value>0x3445</value>
         <object_component_ref idref="oc-11a"/>
      </symbol>
      <symbol id="sm-11b">
         <name>gPWM_0Backup</name>
         <value>0x20201320</value>
      </symbol>
      <symbol id="sm-11c">
         <name>gTIMER_0Backup</name>
         <value>0x202013dc</value>
      </symbol>
      <symbol id="sm-11d">
         <name>gSPI_0Backup</name>
         <value>0x20201538</value>
      </symbol>
      <symbol id="sm-128">
         <name>Default_Handler</name>
         <value>0x2c07</value>
         <object_component_ref idref="oc-33"/>
      </symbol>
      <symbol id="sm-129">
         <name>Reset_Handler</name>
         <value>0x3afd</value>
         <object_component_ref idref="oc-2f"/>
      </symbol>
      <symbol id="sm-12a">
         <name>interruptVectors</name>
         <value>0x0</value>
         <object_component_ref idref="oc-18"/>
      </symbol>
      <symbol id="sm-12b">
         <name>NMI_Handler</name>
         <value>0x2c07</value>
         <object_component_ref idref="oc-33"/>
      </symbol>
      <symbol id="sm-12c">
         <name>HardFault_Handler</name>
         <value>0x2c07</value>
         <object_component_ref idref="oc-33"/>
      </symbol>
      <symbol id="sm-12d">
         <name>SVC_Handler</name>
         <value>0x2c07</value>
         <object_component_ref idref="oc-33"/>
      </symbol>
      <symbol id="sm-12e">
         <name>PendSV_Handler</name>
         <value>0x2c07</value>
         <object_component_ref idref="oc-33"/>
      </symbol>
      <symbol id="sm-12f">
         <name>SysTick_Handler</name>
         <value>0x2c07</value>
         <object_component_ref idref="oc-33"/>
      </symbol>
      <symbol id="sm-130">
         <name>GROUP0_IRQHandler</name>
         <value>0x2c07</value>
         <object_component_ref idref="oc-33"/>
      </symbol>
      <symbol id="sm-131">
         <name>GROUP1_IRQHandler</name>
         <value>0x2c07</value>
         <object_component_ref idref="oc-33"/>
      </symbol>
      <symbol id="sm-132">
         <name>TIMG8_IRQHandler</name>
         <value>0x2c07</value>
         <object_component_ref idref="oc-33"/>
      </symbol>
      <symbol id="sm-133">
         <name>UART3_IRQHandler</name>
         <value>0x2c07</value>
         <object_component_ref idref="oc-33"/>
      </symbol>
      <symbol id="sm-134">
         <name>ADC0_IRQHandler</name>
         <value>0x2c07</value>
         <object_component_ref idref="oc-33"/>
      </symbol>
      <symbol id="sm-135">
         <name>ADC1_IRQHandler</name>
         <value>0x2c07</value>
         <object_component_ref idref="oc-33"/>
      </symbol>
      <symbol id="sm-136">
         <name>CANFD0_IRQHandler</name>
         <value>0x2c07</value>
         <object_component_ref idref="oc-33"/>
      </symbol>
      <symbol id="sm-137">
         <name>DAC0_IRQHandler</name>
         <value>0x2c07</value>
         <object_component_ref idref="oc-33"/>
      </symbol>
      <symbol id="sm-138">
         <name>SPI1_IRQHandler</name>
         <value>0x2c07</value>
         <object_component_ref idref="oc-33"/>
      </symbol>
      <symbol id="sm-139">
         <name>UART1_IRQHandler</name>
         <value>0x2c07</value>
         <object_component_ref idref="oc-33"/>
      </symbol>
      <symbol id="sm-13a">
         <name>UART2_IRQHandler</name>
         <value>0x2c07</value>
         <object_component_ref idref="oc-33"/>
      </symbol>
      <symbol id="sm-13b">
         <name>UART0_IRQHandler</name>
         <value>0x2c07</value>
         <object_component_ref idref="oc-33"/>
      </symbol>
      <symbol id="sm-13c">
         <name>TIMG6_IRQHandler</name>
         <value>0x2c07</value>
         <object_component_ref idref="oc-33"/>
      </symbol>
      <symbol id="sm-13d">
         <name>TIMA0_IRQHandler</name>
         <value>0x2c07</value>
         <object_component_ref idref="oc-33"/>
      </symbol>
      <symbol id="sm-13e">
         <name>TIMA1_IRQHandler</name>
         <value>0x2c07</value>
         <object_component_ref idref="oc-33"/>
      </symbol>
      <symbol id="sm-13f">
         <name>TIMG7_IRQHandler</name>
         <value>0x2c07</value>
         <object_component_ref idref="oc-33"/>
      </symbol>
      <symbol id="sm-140">
         <name>TIMG12_IRQHandler</name>
         <value>0x2c07</value>
         <object_component_ref idref="oc-33"/>
      </symbol>
      <symbol id="sm-141">
         <name>I2C0_IRQHandler</name>
         <value>0x2c07</value>
         <object_component_ref idref="oc-33"/>
      </symbol>
      <symbol id="sm-142">
         <name>AES_IRQHandler</name>
         <value>0x2c07</value>
         <object_component_ref idref="oc-33"/>
      </symbol>
      <symbol id="sm-143">
         <name>RTC_IRQHandler</name>
         <value>0x2c07</value>
         <object_component_ref idref="oc-33"/>
      </symbol>
      <symbol id="sm-144">
         <name>DMA_IRQHandler</name>
         <value>0x2c07</value>
         <object_component_ref idref="oc-33"/>
      </symbol>
      <symbol id="sm-145">
         <name>__TI_ATRegion0_src_addr</name>
         <value>0x0</value>
      </symbol>
      <symbol id="sm-146">
         <name>__TI_ATRegion0_trg_addr</name>
         <value>0x0</value>
      </symbol>
      <symbol id="sm-147">
         <name>__TI_ATRegion0_region_sz</name>
         <value>0x0</value>
      </symbol>
      <symbol id="sm-148">
         <name>__TI_ATRegion1_src_addr</name>
         <value>0x0</value>
      </symbol>
      <symbol id="sm-149">
         <name>__TI_ATRegion1_trg_addr</name>
         <value>0x0</value>
      </symbol>
      <symbol id="sm-14a">
         <name>__TI_ATRegion1_region_sz</name>
         <value>0x0</value>
      </symbol>
      <symbol id="sm-14b">
         <name>__TI_ATRegion2_src_addr</name>
         <value>0x0</value>
      </symbol>
      <symbol id="sm-14c">
         <name>__TI_ATRegion2_trg_addr</name>
         <value>0x0</value>
      </symbol>
      <symbol id="sm-14d">
         <name>__TI_ATRegion2_region_sz</name>
         <value>0x0</value>
      </symbol>
      <symbol id="sm-156">
         <name>DL_Common_delayCycles</name>
         <value>0x3ac9</value>
         <object_component_ref idref="oc-a3"/>
      </symbol>
      <symbol id="sm-162">
         <name>DL_I2C_setClockConfig</name>
         <value>0x3935</value>
         <object_component_ref idref="oc-15c"/>
      </symbol>
      <symbol id="sm-163">
         <name>DL_I2C_fillControllerTXFIFO</name>
         <value>0x32d9</value>
         <object_component_ref idref="oc-66"/>
      </symbol>
      <symbol id="sm-170">
         <name>DL_SPI_init</name>
         <value>0x3619</value>
         <object_component_ref idref="oc-165"/>
      </symbol>
      <symbol id="sm-171">
         <name>DL_SPI_setClockConfig</name>
         <value>0x3a11</value>
         <object_component_ref idref="oc-15f"/>
      </symbol>
      <symbol id="sm-18d">
         <name>DL_Timer_setClockConfig</name>
         <value>0x39c1</value>
         <object_component_ref idref="oc-107"/>
      </symbol>
      <symbol id="sm-18e">
         <name>DL_Timer_initTimerMode</name>
         <value>0x2845</value>
         <object_component_ref idref="oc-10d"/>
      </symbol>
      <symbol id="sm-18f">
         <name>DL_Timer_setCaptureCompareValue</name>
         <value>0x3a49</value>
         <object_component_ref idref="oc-157"/>
      </symbol>
      <symbol id="sm-190">
         <name>DL_Timer_setCaptCompUpdateMethod</name>
         <value>0x39a5</value>
         <object_component_ref idref="oc-156"/>
      </symbol>
      <symbol id="sm-191">
         <name>DL_Timer_setCaptureCompareOutCtl</name>
         <value>0x39f9</value>
         <object_component_ref idref="oc-155"/>
      </symbol>
      <symbol id="sm-192">
         <name>DL_Timer_initFourCCPWMMode</name>
         <value>0x245d</value>
         <object_component_ref idref="oc-154"/>
      </symbol>
      <symbol id="sm-1a3">
         <name>printf</name>
         <value>0x3339</value>
         <object_component_ref idref="oc-af"/>
      </symbol>
      <symbol id="sm-1b9">
         <name>__TI_printfi_minimal</name>
         <value>0x1d39</value>
         <object_component_ref idref="oc-17b"/>
      </symbol>
      <symbol id="sm-1c4">
         <name>fputc</name>
         <value>0x2ad1</value>
         <object_component_ref idref="oc-189"/>
      </symbol>
      <symbol id="sm-1d3">
         <name>puts</name>
         <value>0x395d</value>
         <object_component_ref idref="oc-9d"/>
      </symbol>
      <symbol id="sm-1d4">
         <name>fputs</name>
         <value>0x2561</value>
         <object_component_ref idref="oc-11e"/>
      </symbol>
      <symbol id="sm-1de">
         <name>__TI_wrt_ok</name>
         <value>0x314d</value>
         <object_component_ref idref="oc-168"/>
      </symbol>
      <symbol id="sm-1e8">
         <name>setvbuf</name>
         <value>0x292d</value>
         <object_component_ref idref="oc-1a4"/>
      </symbol>
      <symbol id="sm-1f8">
         <name>abort</name>
         <value>0x3b05</value>
         <object_component_ref idref="oc-e7"/>
      </symbol>
      <symbol id="sm-1f9">
         <name>C$$EXIT</name>
         <value>0x3b04</value>
         <object_component_ref idref="oc-e7"/>
      </symbol>
      <symbol id="sm-1fa">
         <name>__TI_cleanup_ptr</name>
         <value>0x202024ac</value>
         <object_component_ref idref="oc-14a"/>
      </symbol>
      <symbol id="sm-1fb">
         <name>__TI_dtors_ptr</name>
         <value>0x202024b0</value>
         <object_component_ref idref="oc-14a"/>
      </symbol>
      <symbol id="sm-1fc">
         <name>exit</name>
         <value>0x37ad</value>
         <object_component_ref idref="oc-ec"/>
      </symbol>
      <symbol id="sm-205">
         <name>_nop</name>
         <value>0x3337</value>
         <object_component_ref idref="oc-183"/>
      </symbol>
      <symbol id="sm-206">
         <name>_lock</name>
         <value>0x202024b8</value>
         <object_component_ref idref="oc-131"/>
      </symbol>
      <symbol id="sm-207">
         <name>_unlock</name>
         <value>0x202024bc</value>
         <object_component_ref idref="oc-135"/>
      </symbol>
      <symbol id="sm-20f">
         <name>_ftable</name>
         <value>0x20202290</value>
         <object_component_ref idref="oc-11f"/>
      </symbol>
      <symbol id="sm-210">
         <name>__TI_ft_end</name>
         <value>0x202024b4</value>
         <object_component_ref idref="oc-249"/>
      </symbol>
      <symbol id="sm-211">
         <name>__TI_tmpnams</name>
         <value>0x20201498</value>
         <object_component_ref idref="oc-293"/>
      </symbol>
      <symbol id="sm-21a">
         <name>memccpy</name>
         <value>0x3981</value>
         <object_component_ref idref="oc-1b3"/>
      </symbol>
      <symbol id="sm-23d">
         <name>malloc</name>
         <value>0x3abd</value>
         <object_component_ref idref="oc-1e3"/>
      </symbol>
      <symbol id="sm-23e">
         <name>aligned_alloc</name>
         <value>0x1fbd</value>
         <object_component_ref idref="oc-242"/>
      </symbol>
      <symbol id="sm-23f">
         <name>free</name>
         <value>0x2759</value>
         <object_component_ref idref="oc-1dd"/>
      </symbol>
      <symbol id="sm-240">
         <name>_sys_memory</name>
         <value>0x20202510</value>
         <object_component_ref idref="oc-23f"/>
      </symbol>
      <symbol id="sm-241">
         <name>memalign</name>
         <value>0x1fbd</value>
         <object_component_ref idref="oc-242"/>
      </symbol>
      <symbol id="sm-24c">
         <name>_c_int00_noargs</name>
         <value>0x390d</value>
         <object_component_ref idref="oc-56"/>
      </symbol>
      <symbol id="sm-24d">
         <name>__stack</name>
         <value>0x20207e00</value>
         <object_component_ref idref="oc-1a"/>
      </symbol>
      <symbol id="sm-259">
         <name>__TI_auto_init_nobinit_nopinit</name>
         <value>0x369d</value>
         <object_component_ref idref="oc-ee"/>
      </symbol>
      <symbol id="sm-261">
         <name>_system_pre_init</name>
         <value>0x3b01</value>
         <object_component_ref idref="oc-7c"/>
      </symbol>
      <symbol id="sm-26c">
         <name>__TI_zero_init</name>
         <value>0x3a59</value>
         <object_component_ref idref="oc-53"/>
      </symbol>
      <symbol id="sm-275">
         <name>__TI_decompress_none</name>
         <value>0x3a35</value>
         <object_component_ref idref="oc-20"/>
      </symbol>
      <symbol id="sm-280">
         <name>__TI_decompress_lzss</name>
         <value>0x2d81</value>
         <object_component_ref idref="oc-1c"/>
      </symbol>
      <symbol id="sm-28d">
         <name>__TI_doflush</name>
         <value>0x349d</value>
         <object_component_ref idref="oc-172"/>
      </symbol>
      <symbol id="sm-298">
         <name>__TI_cleanup</name>
         <value>0x3711</value>
         <object_component_ref idref="oc-1e4"/>
      </symbol>
      <symbol id="sm-2a5">
         <name>fseek</name>
         <value>0x3aed</value>
         <object_component_ref idref="oc-19e"/>
      </symbol>
      <symbol id="sm-2a6">
         <name>fseeko</name>
         <value>0x2fad</value>
         <object_component_ref idref="oc-1da"/>
      </symbol>
      <symbol id="sm-2b2">
         <name>__TI_closefile</name>
         <value>0x2d05</value>
         <object_component_ref idref="oc-243"/>
      </symbol>
      <symbol id="sm-2bc">
         <name>write</name>
         <value>0x38e5</value>
         <object_component_ref idref="oc-16e"/>
      </symbol>
      <symbol id="sm-2c1">
         <name>_device</name>
         <value>0x20202380</value>
         <object_component_ref idref="oc-1ed"/>
      </symbol>
      <symbol id="sm-2c2">
         <name>_stream</name>
         <value>0x202023f8</value>
         <object_component_ref idref="oc-1aa"/>
      </symbol>
      <symbol id="sm-2cb">
         <name>remove</name>
         <value>0x3af5</value>
         <object_component_ref idref="oc-28f"/>
      </symbol>
      <symbol id="sm-2d6">
         <name>lseek</name>
         <value>0x38bd</value>
         <object_component_ref idref="oc-238"/>
      </symbol>
      <symbol id="sm-2e0">
         <name>close</name>
         <value>0x34f1</value>
         <object_component_ref idref="oc-28b"/>
      </symbol>
      <symbol id="sm-2ea">
         <name>unlink</name>
         <value>0x3869</value>
         <object_component_ref idref="oc-2b9"/>
      </symbol>
      <symbol id="sm-2f4">
         <name>HOSTclose</name>
         <value>0x3541</value>
         <object_component_ref idref="oc-250"/>
      </symbol>
      <symbol id="sm-2fe">
         <name>HOSTlseek</name>
         <value>0x2e69</value>
         <object_component_ref idref="oc-25c"/>
      </symbol>
      <symbol id="sm-308">
         <name>HOSTopen</name>
         <value>0x3279</value>
         <object_component_ref idref="oc-24c"/>
      </symbol>
      <symbol id="sm-309">
         <name>parmbuf</name>
         <value>0x20201590</value>
         <object_component_ref idref="oc-29d"/>
      </symbol>
      <symbol id="sm-313">
         <name>HOSTread</name>
         <value>0x3395</value>
         <object_component_ref idref="oc-254"/>
      </symbol>
      <symbol id="sm-324">
         <name>HOSTrename</name>
         <value>0x2ed5</value>
         <object_component_ref idref="oc-264"/>
      </symbol>
      <symbol id="sm-32e">
         <name>HOSTunlink</name>
         <value>0x3589</value>
         <object_component_ref idref="oc-260"/>
      </symbol>
      <symbol id="sm-338">
         <name>HOSTwrite</name>
         <value>0x33ed</value>
         <object_component_ref idref="oc-258"/>
      </symbol>
      <symbol id="sm-346">
         <name>C$$IO$$</name>
         <value>0x37a5</value>
         <object_component_ref idref="oc-296"/>
      </symbol>
      <symbol id="sm-347">
         <name>__TI_writemsg</name>
         <value>0x3779</value>
         <object_component_ref idref="oc-296"/>
      </symbol>
      <symbol id="sm-348">
         <name>__CIOBUF_</name>
         <value>0x20201200</value>
         <object_component_ref idref="oc-2c0"/>
      </symbol>
      <symbol id="sm-349">
         <name>__TI_readmsg</name>
         <value>0x3745</value>
         <object_component_ref idref="oc-29c"/>
      </symbol>
      <symbol id="sm-34a">
         <name>_CIOBUF_</name>
         <value>0x20201200</value>
         <object_component_ref idref="oc-2c0"/>
      </symbol>
      <symbol id="sm-350">
         <name>__aeabi_memcpy</name>
         <value>0x3ad5</value>
         <object_component_ref idref="oc-46"/>
      </symbol>
      <symbol id="sm-351">
         <name>__aeabi_memcpy4</name>
         <value>0x3ad5</value>
         <object_component_ref idref="oc-46"/>
      </symbol>
      <symbol id="sm-352">
         <name>__aeabi_memcpy8</name>
         <value>0x3ad5</value>
         <object_component_ref idref="oc-46"/>
      </symbol>
      <symbol id="sm-35b">
         <name>__aeabi_memset</name>
         <value>0x3a79</value>
         <object_component_ref idref="oc-1b2"/>
      </symbol>
      <symbol id="sm-35c">
         <name>__aeabi_memset4</name>
         <value>0x3a79</value>
         <object_component_ref idref="oc-1b2"/>
      </symbol>
      <symbol id="sm-35d">
         <name>__aeabi_memset8</name>
         <value>0x3a79</value>
         <object_component_ref idref="oc-1b2"/>
      </symbol>
      <symbol id="sm-35e">
         <name>__aeabi_memclr</name>
         <value>0x3ab1</value>
         <object_component_ref idref="oc-77"/>
      </symbol>
      <symbol id="sm-35f">
         <name>__aeabi_memclr4</name>
         <value>0x3ab1</value>
         <object_component_ref idref="oc-77"/>
      </symbol>
      <symbol id="sm-360">
         <name>__aeabi_memclr8</name>
         <value>0x3ab1</value>
         <object_component_ref idref="oc-77"/>
      </symbol>
      <symbol id="sm-366">
         <name>__aeabi_uidiv</name>
         <value>0x365d</value>
         <object_component_ref idref="oc-b6"/>
      </symbol>
      <symbol id="sm-367">
         <name>__aeabi_uidivmod</name>
         <value>0x365d</value>
         <object_component_ref idref="oc-b6"/>
      </symbol>
      <symbol id="sm-372">
         <name>__aeabi_idiv0</name>
         <value>0x3277</value>
         <object_component_ref idref="oc-13a"/>
      </symbol>
      <symbol id="sm-380">
         <name>finddevice</name>
         <value>0x36d9</value>
         <object_component_ref idref="oc-2cc"/>
      </symbol>
      <symbol id="sm-381">
         <name>getdevice</name>
         <value>0x3081</value>
         <object_component_ref idref="oc-2c3"/>
      </symbol>
      <symbol id="sm-39a">
         <name>memcpy</name>
         <value>0x2b6d</value>
         <object_component_ref idref="oc-92"/>
      </symbol>
      <symbol id="sm-3a9">
         <name>memset</name>
         <value>0x3215</value>
         <object_component_ref idref="oc-106"/>
      </symbol>
      <symbol id="sm-3aa">
         <name>__TI_static_base__</name>
         <value>0x0</value>
      </symbol>
      <symbol id="sm-3ad">
         <name>__mpu_init</name>
         <value>0x0</value>
      </symbol>
      <symbol id="sm-3ae">
         <name>_system_post_cinit</name>
         <value>0x0</value>
      </symbol>
   </symbol_table>
   <title>Link successful</title>
</link_info>
